******************************************************************************
               TMS320C6x Linker Unix v8.1.3                    
******************************************************************************
>> Linked Thu Apr 26 16:14:07 2018

OUTPUT FILE NAME:   <xwr16xx_mmw_demo_dss.xe674>
ENTRY POINT SYMBOL: "_c_int00"  address: 007fede0


MEMORY CONFIGURATION

         name            origin    length      used     unused   attr    fill
----------------------  --------  ---------  --------  --------  ----  --------
PAGE 0:
  L2SRAM_UMAP1          007e0000   00020000  00020000  00000000  RWIX
  L2SRAM_UMAP0          00800000   00020000  0001cfa1  0000305f  RWIX
  L1PSRAM               00e00000   00004000  00003b80  00000480  RWIX
  L1DSRAM               00f00000   00004000  00004000  00000000  RWIX
  L3SRAM                20000000   000c0000  00004400  000bbc00  RWIX
  HSRAM                 21080000   00008000  00008000  00000000  RWIX

PAGE 1:
  L3SRAM                20000000   000c0000  000c0000  00000000  RWIX


SEGMENT ALLOCATION MAP

run origin  load origin   length   init length attrs members
----------  ----------- ---------- ----------- ----- -------
007e0000    007e0000    00025620   00025620    r-x
  007e0000    007e0000    00000200   00000200    r-x .vecs
  007e0200    007e0200    0001fe00   0001fe00    r-x .text.1
  00800000    00800000    00005620   00005620    r-x .text.2
00805620    00805620    00011c00   00000000    rw-
  00805620    00805620    0000cc00   00000000    rw- .l2data
  00812220    00812220    00005000   00000000    rw- systemHeap
00817220    00817220    00002b31   00002b31    r--
  00817220    00817220    00002b31   00002b31    r-- .const
00819d58    00819d58    0000164c   00000000    rw-
  00819d58    00819d58    0000164c   00000000    rw- .far
0081b3a8    0081b3a8    000018f8   000011f4    rw-
  0081b3a8    0081b3a8    000011f4   000011f4    rw- .fardata
  0081c5a0    0081c5a0    00000700   00000000    rw- .stack
0081cca0    0081cca0    000001d4   000001d4    r--
  0081cca0    0081cca0    000001d4   000001d4    r-- .switch
0081ce78    0081ce78    00000120   00000000    rw-
  0081ce78    0081ce78    00000120   00000000    rw- .cio
0081cf98    0081cf98    0000000c   0000000c    rw-
  0081cf98    0081cf98    0000000c   0000000c    rw- .neardata
0081cfa8    0081cfa8    00000010   00000010    r--
  0081cfa8    0081cfa8    00000010   00000010    r-- .ovly
00e00000    20000000    00003b80   00003b80    r-x
  00e00000    20000000    00003b80   00003b80    r-x .fastCode
00f00000    00f00000    00004000   00000000    rw-
  00f00000    00f00000    00004000   00000000    rw- .l1data
20003b80    20003b80    00000880   00000880    r-x
  20003b80    20003b80    00000880   00000880    r-x .overlay
21080000    21080000    00008000   00000000    rw-
  21080000    21080000    00008000   00000000    rw- .demoSharedMem
20000000    20000000    000c0000   00000000    rw-
  20000000    20000000    000c0000   00000000    rw- .l3data


SECTION ALLOCATION MAP

 output                                  attributes/
section   page    origin      length       input sections
--------  ----  ----------  ----------   ----------------
xdc.meta   0    00000000    00000108     COPY SECTION
                  00000000    00000108     dss_mmw_pe674.oe674 (xdc.meta)

xdc.noload 
*          0    00000000    00000000     COPY SECTION

.vecs      0    007e0000    00000200     
                  007e0000    00000200     dss_mmw_pe674.oe674 (.vecs)

.text.1    0    007e0200    0001fe00     
                  007e0200    00000bc0     dss_main.oe674 (.text:MmwDemo_parseProfileAndChirpConfig)
                  007e0dc0    000008a0     ti.targets.rts6000.ae674 : System.oe674 (.text:xdc_runtime_System_doPrint__I)
                  007e1660    000007c0     dss_main.oe674 (.text:MmwDemo_mboxReadTask)
                  007e1e20    00000700     sysbios.ae674 : BIOS.obj (.text:ti_sysbios_family_c64p_Exception_handler__I)
                  007e2520    000005c0     rts6740_elf.lib : divd.obj (.text:__c6xabi_divd)
                  007e2ae0    000005a0     dss_data_path.oe674 (.text:MmwDemo_dataPathConfigEdma)
                  007e3080    00000560     dss_data_path.oe674 (.text:MmwDemo_cfarPeakGroupingCfarQualified)
                  007e35e0    00000520     dss_main.oe674 (.text:MmwDemo_dssDataPathConfig)
                  007e3b00    00000500     libcbuff_xwr16xx.ae674 : cbuff.oe674 (.text:CBUFF_init)
                  007e4000    00000500     libhsiheader_xwr16xx.ae674 : hsiheader.oe674 (.text:HSIHeader_createHeader)
                  007e4500    00000500     dss_data_path.oe674 (.text:MmwDemo_dataPathConfigBuffers)
                  007e4a00    00000500     rx_ch_bias_measure.oe674 (.text:MmwDemo_rangeBiasRxChPhaseMeasure)
                  007e4f00    00000500     sysbios.ae674 : BIOS.obj (.text:ti_sysbios_knl_Semaphore_pend__E)
                  007e5400    000004e0                   : BIOS.obj (.text:ti_sysbios_knl_Event_pend__E)
                  007e58e0    000004c0     libcbuff_xwr16xx.ae674 : cbuff.oe674 (.text:CBUFF_createSession)
                  007e5da0    000004c0     sysbios.ae674 : BIOS.obj (.text:ti_sysbios_heaps_HeapMem_allocUnprotected__E)
                  007e6260    000004a0     libmmwave_xwr16xx.ae674 : mmwave_xwr16xx.oe674 (.text:MMWave_deviceExecuteFxn)
                  007e6700    00000480     dss_main.oe674 (.text:MmwDemo_dssSendProcessOutputToMSS)
                  007e6b80    00000460     dss_data_path.oe674 (.text:MmwDemo_gen_twiddle_fft16x16_fast)
                  007e6fe0    00000460     sysbios.ae674 : BIOS.obj (.text:ti_sysbios_heaps_HeapMem_freeUnprotected__E)
                  007e7440    00000420     libmailbox_xwr16xx.ae674 : mailbox.oe674 (.text:Mailbox_open)
                  007e7860    00000420     sysbios.ae674 : BIOS.obj (.text:ti_sysbios_knl_Task_Instance_finalize__E)
                  007e7c80    000003e0     libmmwavelink_xwr16xx.ae674 : rl_driver.oe674 (.text:rlDriverRxHdrRead)
                  007e8060    000003a0     libadcbuf_xwr16xx.ae674 : adcbuf_mmwave.oe674 (.text:ADCBUF_MMWave_control)
                  007e8400    000003a0     dss_data_path.oe674 (.text:MmwDemo_dcRangeSignatureCompensation)
                  007e87a0    00000360     libcbuff_xwr16xx.ae674 : cbuff.oe674 (.text:CBUFF_validateHWSessionCfg)
                  007e8b00    00000360     libcrc_xwr16xx.ae674 : crc.oe674 (.text:CRC_open)
                  007e8e60    00000340     libcbuff_xwr16xx.ae674 : cbuff_lvds.oe674 (.text:CBUFF_openLVDS)
                  007e91a0    00000340     dss_main.oe674 (.text:MmwDemo_dssDataPathTask)
                  007e94e0    00000320     libcbuff_xwr16xx.ae674 : cbuff_lvds.oe674 (.text:CBUFF_initLVDS)
                  007e9800    00000320     dss_data_path.oe674 (.text:MmwDemo_nearFieldCorrection)
                  007e9b20    00000320     sysbios.ae674 : BIOS.obj (.text:ti_sysbios_knl_Task_Instance_init__E)
                  007e9e40    00000300     libcbuff_xwr16xx.ae674 : cbuff.oe674 (.text:CBUFF_activateSession)
                  007ea140    00000300     dss_main.oe674 (.text:MmwDemo_dssDataPathReconfig)
                  007ea440    000002e0     libcbuff_xwr16xx.ae674 : cbuff_edma.oe674 (.text:CBUFF_configEDMA)
                  007ea720    000002e0     libedma_xwr16xx.ae674 : edma.oe674 (.text:EDMA_error_isr)
                  007eaa00    000002e0     libmmwavelink_xwr16xx.ae674 : rl_driver.oe674 (.text:rlDriverCmdInvoke)
                  007eace0    000002c0     dss_data_path.oe674 (.text:MmwDemo_genWindow)
                  007eafa0    000002c0     sysbios.ae674 : BIOS.obj (.text:ti_sysbios_knl_Task_sleep__E)
                  007eb260    000002a0     libcrc_xwr16xx.ae674 : crc.oe674 (.text:CRC_computeSignature)
                  007eb500    000002a0     dss_main.oe674 (.text:MmwDemo_dssDataPathInit)
                  007eb7a0    000002a0     rts6740_elf.lib : divf.obj (.text:__c6xabi_divf)
                  007eba40    00000280     libedma_xwr16xx.ae674 : edma.oe674 (.text:EDMA_configChannel)
                  007ebcc0    00000260                           : edma.oe674 (.text:EDMA_open)
                  007ebf20    00000260     rts6740_elf.lib : imath64.obj (.text:__c6xabi_divull)
                  007ec180    00000260     libmmwavelink_xwr16xx.ae674 : rl_driver.oe674 (.text:rlDriverMsgRead)
                  007ec3e0    00000260     sysbios.ae674 : BIOS.obj (.text:ti_sysbios_knl_Clock_workFunc__E)
                  007ec640    00000260     ti.targets.rts6000.ae674 : Startup.oe674 (.text:xdc_runtime_Startup_startMods__I)
                  007ec8a0    00000240     libedma_xwr16xx.ae674 : edma.oe674 (.text:EDMA_configErrorMonitoring)
                  007ecae0    00000240     libmmwave_xwr16xx.ae674 : mmwave_link.oe674 (.text:MMWave_startLink)
                  007ecd20    00000240     dss_main.oe674 (.text:MmwDemo_dssDataPathProcessEvents)
                  007ecf60    00000240     libmmwavelink_xwr16xx.ae674 : rl_driver.oe674 (.text:rlDriverCmdSendRetry)
                  007ed1a0    00000240                                 : rl_driver.oe674 (.text:rlDriverInit)
                  007ed3e0    00000240     rts6740_elf.lib : setvbuf.obj (.text:setvbuf)
                  007ed620    00000240     sysbios.ae674 : BIOS.obj (.text:ti_sysbios_knl_Event_post__E)
                  007ed860    00000240     ti.targets.rts6000.ae674 : Core-mem.oe674 (.text:xdc_runtime_Core_createObject__I)
                  007edaa0    00000240     dss_mmw_pe674.oe674 (.text:xdc_runtime_System_printfExtend__I)
                  007edce0    00000220     libcbuff_xwr16xx.ae674 : cbuff.oe674 (.text:CBUFF_deinit)
                  007edf00    00000220                            : cbuff_transfer.oe674 (.text:CBUFF_setupNonInterleaved_ADC)
                  007ee120    00000220     libedma_xwr16xx.ae674 : edma.oe674 (.text:EDMA_transferComplete_isr)
                  007ee340    00000220     libmailbox_xwr16xx.ae674 : mailbox.oe674 (.text:Mailbox_write)
                  007ee560    00000220     dss_data_path.oe674 (.text:MmwDemo_EDMA_CQTransferCompletionCallbackFxn)
                  007ee780    00000220     dss_main.oe674 (.text:MmwDemo_parseAdcBufCfg)
                  007ee9a0    00000220     rts6740_elf.lib : fputc.obj (.text:fputc)
                  007eebc0    00000220     sysbios.ae674 : BIOS.obj (.text:ti_sysbios_family_c64p_Hwi_dispatchCore__I)
                  007eede0    00000220                   : BIOS.obj (.text:ti_sysbios_heaps_HeapMem_Instance_init__E)
                  007ef000    00000220                   : BIOS.obj (.text:ti_sysbios_knl_Task_schedule__I)
                  007ef220    00000220                   : BIOS.obj (.text:ti_sysbios_utils_Load_updateThreadContexts__E)
                  007ef440    00000200     libcbuff_xwr16xx.ae674 : cbuff_transfer.oe674 (.text:CBUFF_setupNonInterleaved_MultiChirp_CP_ADC_CQ_USER)
                  007ef640    00000200     libmmwave_xwr16xx.ae674 : mmwave_link.oe674 (.text:MMWave_initMMWaveLink)
                  007ef840    00000200     dss_lvds_stream.oe674 (.text:MmwDemo_LVDSStreamHwConfig)
                  007efa40    00000200     dss_data_path.oe674 (.text:MmwDemo_processChirp)
                  007efc40    00000200     sysbios.ae674 : c64p_Hwi_disp_always.obj (.text:_ti_sysbios_family_c64p_Hwi_dispatchAlways)
                  007efe40    00000200                   : BIOS.obj (.text:ti_sysbios_knl_Semaphore_post__E)
                  007f0040    00000200     ti.targets.rts6000.ae674 : Error.oe674 (.text:xdc_runtime_Error_policyDefault__E)
                  007f0240    000001e0     libadcbuf_xwr16xx.ae674 : adcbuf_mmwave.oe674 (.text:ADCBUF_MMWave_open)
                  007f0420    000001e0     libcbuff_xwr16xx.ae674 : cbuff_transfer.oe674 (.text:CBUFF_setupNonInterleaved_MultiChirp_CP_ADC)
                  007f0600    000001e0                            : cbuff_transfer.oe674 (.text:CBUFF_setupNonInterleaved_MultiChirp_CP_ADC_CQ)
                  007f07e0    000001e0                            : cbuff_transfer.oe674 (.text:CBUFF_setupTransfer)
                  007f09c0    000001e0     libedma_xwr16xx.ae674 : edma.oe674 (.text:EDMA_init)
                  007f0ba0    000001e0     libhsiheader_xwr16xx.ae674 : hsiheader.oe674 (.text:HSIHeader_init)
                  007f0d80    000001e0     dss_data_path.oe674 (.text:MmwDemo_gen_twiddle_fft32x32_fast)
                  007f0f60    000001e0     rts6740_elf.lib : log.obj (.text:log)
                  007f1140    000001e0     libmmwavelink_xwr16xx.ae674 : rl_driver.oe674 (.text:rlDriverRdVerifyMsg)
                  007f1320    000001e0     sysbios.ae674 : BIOS.obj (.text:ti_sysbios_knl_Task_postInit__I)
                  007f1500    000001e0                   : BIOS.obj (.text:ti_sysbios_knl_Task_startCore__E)
                  007f16e0    000001e0     ti.targets.rts6000.ae674 : Text.oe674 (.text:xdc_runtime_Text_putSite__E)
                  007f18c0    000001c0     libcbuff_xwr16xx.ae674 : cbuff_transfer.oe674 (.text:CBUFF_setupNonInterleaved_MultiChirp_ADC_CP)
                  007f1a80    000001c0     libmmwave_xwr16xx.ae674 : mmwave_xwr16xx.oe674 (.text:MMWave_deviceInitFxn)
                  007f1c40    000001c0     libmailbox_xwr16xx.ae674 : mailbox.oe674 (.text:Mailbox_read)
                  007f1e00    000001c0     dss_data_path.oe674 (.text:MmwDemo_XYcalc)
                  007f1fc0    000001c0     dss_main.oe674 (.text:MmwDemo_dssChirpIntHandler)
                  007f2180    000001c0     dss_main.oe674 (.text:MmwDemo_edmaBlockCopy)
                  007f2340    000001c0     dss_data_path.oe674 (.text:MmwDemo_genDftSinCosTable)
                  007f2500    000001c0     libsoc_xwr16xx.ae674 : soc.oe674 (.text:SOC_deregisterSysIntListener)
                  007f26c0    000001c0     rts6740_elf.lib : frexp.obj (.text:frexp)
                  007f2880    000001c0     sysbios.ae674 : BIOS.obj (.text:ti_sysbios_timers_rti_Timer_getFreq__E)
                  007f2a40    000001a0     libadcbuf_xwr16xx.ae674 : adcbuf_mmwave.oe674 (.text:ADCBUFTestPatternConfig)
                  007f2be0    000001a0     libedma_xwr16xx.ae674 : edma.oe674 (.text:EDMA_paramConfig_assist)
                  007f2d80    000001a0     dss_config_edma_util.oe674 (.text:EDMAutil_configType2b)
                  007f2f20    000001a0     rts6740_elf.lib : trgdrv.obj (.text:HOSTrename)
                  007f30c0    000001a0     dss_data_path.oe674 (.text:MmwDemo_dataPathConfigFFTs)
                  007f3260    000001a0     rts6740_elf.lib : lowlev.obj (.text:getdevice)
                  007f3400    000001a0     libmmwavelink_xwr16xx.ae674 : rl_driver.oe674 (.text:rlDriverDeInit)
                  007f35a0    000001a0     sysbios.ae674 : BIOS.obj (.text:ti_sysbios_family_c64p_EventCombiner_dispatch__E)
                  007f3740    000001a0     ti.targets.rts6000.ae674 : Core-smem.oe674 (.text:xdc_runtime_Core_constructObject__I)
                  007f38e0    00000180     libadcbuf_xwr16xx.ae674 : adcbuf_mmwave.oe674 (.text:ADCBUFCmdParamCheck)
                  007f3a60    00000180     libcbuff_xwr16xx.ae674 : cbuff_transfer.oe674 (.text:CBUFF_setupNonInterleaved_CP_ADC)
                  007f3be0    00000180                            : cbuff_transfer.oe674 (.text:CBUFF_setupNonInterleaved_CP_ADC_CQ_USER)
                  007f3d60    00000180     libmmwave_xwr16xx.ae674 : mmwave_fullcfg.oe674 (.text:MMWave_flushCfg)
                  007f3ee0    00000180                             : mmwave_fullcfg.oe674 (.text:MMWave_getChirpHandle)
                  007f4060    00000180                             : mmwave.oe674 (.text:MMWave_start)
                  007f41e0    00000180     libmmwavelink_xwr16xx.ae674 : rl_driver.oe674 (.text:rlDriverMsgWrite)
                  007f4360    00000180     sysbios.ae674 : c64p_Exception_asm.obj (.text)
                  007f44e0    00000180                   : BIOS.obj (.text:ti_sysbios_family_c64p_Exception_internalHandler__I)
                  007f4660    00000180                   : BIOS.obj (.text:ti_sysbios_knl_Task_exit__E)
                  007f47e0    00000180                   : BIOS.obj (.text:ti_sysbios_knl_Task_unblockI__E)
                  007f4960    00000180                   : BIOS.obj (.text:ti_sysbios_utils_Load_startup__E)
                  007f4ae0    00000160     libcbuff_xwr16xx.ae674 : cbuff_transfer.oe674 (.text:CBUFF_setupNonInterleaved_ADC_CP)
                  007f4c40    00000160                            : cbuff_transfer.oe674 (.text:CBUFF_setupNonInterleaved_CP_ADC_CQ)
                  007f4da0    00000160     dss_config_edma_util.oe674 (.text:EDMAutil_configType1)
                  007f4f00    00000160     dss_config_edma_util.oe674 (.text:EDMAutil_configType3)
                  007f5060    00000160     libmmwave_xwr16xx.ae674 : mmwave_link.oe674 (.text:MMWave_asyncEventHandler)
                  007f51c0    00000160                             : mmwave_link.oe674 (.text:MMWave_computeCRC)
                  007f5320    00000160     libmailbox_xwr16xx.ae674 : mailbox.oe674 (.text:Mailbox_close)
                  007f5480    00000160     dss_lvds_stream.oe674 (.text:MmwDemo_LVDSStreamSwConfig)
                  007f55e0    00000160     dss_main.oe674 (.text:MmwDemo_dssDataPathOutputLogging)
                  007f5740    00000160     dss_main.oe674 (.text:MmwDemo_dssDataPathStop)
                  007f58a0    00000160     rx_ch_bias_measure.oe674 (.text:MmwDemo_quadFit)
                  007f5a00    00000160     libsoc_xwr16xx.ae674 : soc.oe674 (.text:SOC_registerSysIntListener)
                  007f5b60    00000160     libmmwavelink_xwr16xx.ae674 : rl_driver.oe674 (.text:rlDriverMsgReadCmdCtx)
                  007f5cc0    00000160                                 : rl_driver.oe674 (.text:rlDriverWaitForResponse)
                  007f5e20    00000160     rts6740_elf.lib : sqrt.obj (.text:sqrt)
                  007f5f80    00000160     sysbios.ae674 : BIOS.obj (.text:ti_sysbios_knl_Task_checkStacks__E)
                  007f60e0    00000160                   : BIOS.obj (.text:ti_sysbios_timers_rti_Timer_postInit__I)
                  007f6240    00000160                   : BIOS.obj (.text:ti_sysbios_utils_Load_idleFxn__E)
                  007f63a0    00000160                   : BIOS.obj (.text:ti_sysbios_utils_Load_logLoads__I)
                  007f6500    00000160                   : BIOS.obj (.text:ti_sysbios_utils_Load_updateLoads__E)
                  007f6660    00000160     ti.targets.rts6000.ae674 : Text.oe674 (.text:xdc_runtime_Text_putMod__E)
                  007f67c0    00000140     libcbuff_xwr16xx.ae674 : cbuff.oe674 (.text:CBUFF_ISR)
                  007f6900    00000140                            : cbuff.oe674 (.text:CBUFF_deactivateSession)
                  007f6a40    00000140                            : cbuff.oe674 (.text:CBUFF_deregisterFrameDone)
                  007f6b80    00000140     libedma_xwr16xx.ae674 : edma_low_level.oe674 (.text:EDMA3Init)
                  007f6cc0    00000140                           : edma.oe674 (.text:EDMA_transferController_error_isr)
                  007f6e00    00000140     libmmwave_xwr16xx.ae674 : mmwave_fullcfg.oe674 (.text:MMWave_addChirp)
                  007f6f40    00000140                             : mmwave.oe674 (.text:MMWave_init)
                  007f7080    00000140     dss_data_path.oe674 (.text:MmwDemo_checkDynamicConfigErrors)
                  007f71c0    00000140     dss_main.oe674 (.text:MmwDemo_dssMmwaveEventCallbackFxn)
                  007f7300    00000140     rts6740_elf.lib : fclose.obj (.text:__TI_closefile)
                  007f7440    00000140                     : fflush.obj (.text:fflush)
                  007f7580    00000140     libmmwavelink_xwr16xx.ae674 : rl_device.oe674 (.text:rlDevicePowerOn)
                  007f76c0    00000140                                 : rl_driver.oe674 (.text:rlDriverMsgCmdReply)
                  007f7800    00000140     sysbios.ae674 : BIOS.obj (.text:ti_sysbios_gates_GateMutex_enter__E)
                  007f7940    00000140                   : BIOS.obj (.text:ti_sysbios_knl_Task_Module_startup__E)
                  007f7a80    00000140                   : BIOS.obj (.text:ti_sysbios_knl_Task_blockI__E)
                  007f7bc0    00000140                   : BIOS.obj (.text:ti_sysbios_timers_rti_Timer_Module_startup__E)
                  007f7d00    00000140     ti.targets.rts6000.ae674 : Core-mem.oe674 (.text:xdc_runtime_Core_deleteObject__I)
                  007f7e40    00000140                              : Text.oe674 (.text:xdc_runtime_Text_putLab__E)
                  007f7f80    00000120     libadcbuf_xwr16xx.ae674 : adcbuf_mmwave.oe674 (.text:ADCBUF_MMWave_getChanBufAddr)
                  007f80a0    00000120     libcbuff_xwr16xx.ae674 : cbuff_transfer.oe674 (.text:CBUFF_setupNonInterleaved_ADC_USER)
                  007f81c0    00000120     dss_lvds_stream.oe674 (.text:MmwDemo_LVDSStream_EDMAAllocateCBUFFHwChannel)
                  007f82e0    00000120     dss_lvds_stream.oe674 (.text:MmwDemo_LVDSStream_EDMAAllocateCBUFFSwChannel)
                  007f8400    00000120     dss_data_path.oe674 (.text:MmwDemo_dataPathConfigCQEdma)
                  007f8520    00000120     boot.ae674 : autoinit.oe674 (.text:_auto_init_elf)
                  007f8640    00000120     rts6740_elf.lib : fseek.obj (.text:fseek)
                  007f8760    00000120     libmmwavelink_xwr16xx.ae674 : rl_driver.oe674 (.text:rlDriverAsyncEventHandler)
                  007f8880    00000120     sysbios.ae674 : BIOS.obj (.text:ti_sysbios_family_c64p_EventCombiner_dispatchPlug__E)
                  007f89a0    00000120                   : BIOS.obj (.text:ti_sysbios_knl_Semaphore_Instance_init__E)
                  007f8ac0    00000100     libcbuff_xwr16xx.ae674 : cbuff_transfer.oe674 (.text:CBUFF_addLinkedList)
                  007f8bc0    00000100                            : cbuff_edma.oe674 (.text:CBUFF_closeEDMA)
                  007f8cc0    00000100                            : cbuff_transfer.oe674 (.text:CBUFF_configUserBufferEDMA)
                  007f8dc0    00000100                            : cbuff_transfer.oe674 (.text:CBUFF_displayLinkedList)
                  007f8ec0    00000100                            : cbuff_edma.oe674 (.text:CBUFF_setupEDMAShadowLink)
                  007f8fc0    00000100     rts6740_elf.lib : trgdrv.obj (.text:HOSTlseek)
                  007f90c0    00000100     libhsiheader_xwr16xx.ae674 : hsiheader.oe674 (.text:HSIHeader_deleteHeader)
                  007f91c0    00000100     libmmwave_xwr16xx.ae674 : mmwave_fullcfg.oe674 (.text:MMWave_addBpmChirp)
                  007f92c0    00000100                             : mmwave_fullcfg.oe674 (.text:MMWave_addProfile)
                  007f93c0    00000100                             : mmwave_fullcfg.oe674 (.text:MMWave_getChirpCfg)
                  007f94c0    00000100     libmailbox_xwr16xx.ae674 : mailbox.oe674 (.text:Mailbox_readFlush)
                  007f95c0    00000100     dss_lvds_stream.oe674 (.text:MmwDemo_LVDSStreamDeleteHwSession)
                  007f96c0    00000100     dss_lvds_stream.oe674 (.text:MmwDemo_LVDSStreamDeleteSwSession)
                  007f97c0    00000100     dss_lvds_stream.oe674 (.text:MmwDemo_LVDSStreamInit)
                  007f98c0    00000100     dss_lvds_stream.oe674 (.text:MmwDemo_LVDSStream_EDMAFreeCBUFFHwChannel)
                  007f99c0    00000100     dss_lvds_stream.oe674 (.text:MmwDemo_LVDSStream_EDMAFreeCBUFFSwChannel)
                  007f9ac0    00000100     dss_lvds_stream.oe674 (.text:MmwDemo_LVDSStream_EDMAInit)
                  007f9bc0    00000100     dss_data_path.oe674 (.text:MmwDemo_getDopplerLine)
                  007f9cc0    00000100     libsoc_xwr16xx.ae674 : soc_xwr16xx_dss.oe674 (.text:SOC_deviceInit)
                  007f9dc0    00000100                          : soc_xwr16xx.oe674 (.text:SOC_translateAddress)
                  007f9ec0    00000100     rts6740_elf.lib : _io_perm.obj (.text:__TI_wrt_ok)
                  007f9fc0    00000100     libmmwavelink_xwr16xx.ae674 : rl_device.oe674 (.text:rlDevicePowerOff)
                  007fa0c0    00000100                                 : rl_driver.oe674 (.text:rlDriverClientCbCheck)
                  007fa1c0    00000100                                 : rl_driver.oe674 (.text:rlDriverOsiCbCheck)
                  007fa2c0    00000100                                 : rl_driver.oe674 (.text:rlDriverValidateHdr)
                  007fa3c0    00000100     sysbios.ae674 : BIOS.obj (.text:ti_sysbios_timers_rti_Timer_initDevice__I)
                  007fa4c0    00000100                   : BIOS.obj (.text:ti_sysbios_timers_rti_Timer_start__E)
                  007fa5c0    00000100     ti.targets.rts6000.ae674 : Error.oe674 (.text:xdc_runtime_Error_print__E)
                  007fa6c0    00000100                              : Memory.oe674 (.text:xdc_runtime_Memory_alloc__E)
                  007fa7c0    00000100                              : Startup.oe674 (.text:xdc_runtime_Startup_exec__E)
                  007fa8c0    000000e0     libadcbuf_xwr16xx.ae674 : adcbuf_mmwave.oe674 (.text:ADCBUFChannelEnSetOffset)
                  007fa9a0    000000e0                             : adcbuf_mmwave.oe674 (.text:ADCBUF_MMWave_getCQBufAddr)
                  007faa80    000000e0     libcbuff_xwr16xx.ae674 : cbuff_transfer.oe674 (.text:CBUFF_configCQEDMA)
                  007fab60    000000e0                            : cbuff_lvds.oe674 (.text:CBUFF_initLVDSLinkListParams)
                  007fac40    000000e0     libcrc_xwr16xx.ae674 : crc.oe674 (.text:CRC_getTransactionId)
                  007fad20    000000e0     libosal_xwr16xx.ae674 : DebugP_tirtos.oe674 (.text:DebugP_log3)
                  007fae00    000000e0     libedma_xwr16xx.ae674 : edma.oe674 (.text:EDMA_configParamSet)
                  007faee0    000000e0                           : edma.oe674 (.text:EDMA_isTransferComplete)
                  007fafc0    000000e0     dss_config_edma_util.oe674 (.text:EDMA_setup_shadow_link)
                  007fb0a0    000000e0     dss_config_edma_util.oe674 (.text:EDMAutil_triggerType3)
                  007fb180    000000e0     rts6740_elf.lib : trgdrv.obj (.text:HOSTopen)
                  007fb260    000000e0                     : trgdrv.obj (.text:HOSTwrite)
                  007fb340    000000e0     libmmwave_xwr16xx.ae674 : mmwave_xwr16xx.oe674 (.text:MMWave_deviceStartFxn)
                  007fb420    000000e0                             : mmwave_fullcfg.oe674 (.text:MMWave_getProfileCfg)
                  007fb500    000000e0     libmailbox_xwr16xx.ae674 : mailbox.oe674 (.text:Mailbox_boxFullISRMssDss)
                  007fb5e0    000000e0                              : mailbox.oe674 (.text:Mailbox_init)
                  007fb6c0    000000e0     dss_main.oe674 (.text:MmwDemo_dssDataPathStart)
                  007fb7a0    000000e0     dss_data_path.oe674 (.text:MmwDemo_log2AbsAccum)
                  007fb880    000000e0     rts6740_elf.lib : divi.obj (.text:__divi)
                  007fb960    000000e0                     : lowlev.obj (.text:close)
                  007fba40    000000e0                     : memset.obj (.text:memset)
                  007fbb20    000000e0     libmmwavelink_xwr16xx.ae674 : rl_device.oe674 (.text:rlDeviceGetVersion)
                  007fbc00    000000e0                                 : rl_driver.oe674 (.text:rlDriverCalChkSum)
                  007fbce0    000000e0                                 : rl_driver.oe674 (.text:rlDriverHostIrqHandler)
                  007fbdc0    000000e0                                 : rl_driver.oe674 (.text:rlDriverMsgReadSpawnCtx)
                  007fbea0    000000e0                                 : rl_driver.oe674 (.text:rlDriverProcRdMsg)
                  007fbf80    000000e0     sysbios.ae674 : BIOS.obj (.text:ti_sysbios_family_c64p_Cache_Module_startup__E)
                  007fc060    000000e0                   : BIOS.obj (.text:ti_sysbios_family_c64p_Cache_getL2InitSize__I)
                  007fc140    000000e0                   : BIOS.obj (.text:ti_sysbios_utils_Load_updateCurrentThreadTime__E)
                  007fc220    000000c0     libcbuff_xwr16xx.ae674 : cbuff.oe674 (.text:CBUFF_deleteSession)
                  007fc2e0    000000c0     libcrc_xwr16xx.ae674 : crc.oe674 (.text:CRC_getSignature)
                  007fc3a0    000000c0     libosal_xwr16xx.ae674 : DebugP_tirtos.oe674 (.text:DebugP_log0)
                  007fc460    000000c0                           : DebugP_tirtos.oe674 (.text:DebugP_log1)
                  007fc520    000000c0                           : DebugP_tirtos.oe674 (.text:DebugP_log2)
                  007fc5e0    000000c0     libedma_xwr16xx.ae674 : edma.oe674 (.text:EDMA_startDmaTransfer)
                  007fc6a0    000000c0     rts6740_elf.lib : trgdrv.obj (.text:HOSTread)
                  007fc760    000000c0                     : trgdrv.obj (.text:HOSTunlink)
                  007fc820    000000c0     libmmwave_xwr16xx.ae674 : mmwave_xwr16xx.oe674 (.text:MMWave_deviceEventFxn)
                  007fc8e0    000000c0                             : mmwave_fullcfg.oe674 (.text:MMWave_getNumChirps)
                  007fc9a0    000000c0                             : mmwave_link.oe674 (.text:MMWave_initCRC)
                  007fca60    000000c0                             : mmwave_link.oe674 (.text:MMWave_spawn)
                  007fcb20    000000c0     libmailbox_xwr16xx.ae674 : mailbox.oe674 (.text:Mailbox_boxFullISRProcessing)
                  007fcbe0    000000c0     dss_lvds_stream.oe674 (.text:MmwDemo_LVDSStream_SwTriggerFrameDone)
                  007fcca0    000000c0     dss_data_path.oe674 (.text:MmwDemo_decodeBPM)
                  007fcd60    000000c0     dss_main.oe674 (.text:MmwDemo_dssFrameStartIntHandler)
                  007fce20    000000c0     libsoc_xwr16xx.ae674 : soc.oe674 (.text:SOC_enableLVDS)
                  007fcee0    000000c0     dss_main.oe674 (.text:_MmwDemo_dssAssert)
                  007fcfa0    000000c0     rts6740_elf.lib : fflush.obj (.text:__TI_doflush)
                  007fd060    000000c0                     : divu.obj (.text:__divu)
                  007fd120    000000c0                     : remi.obj (.text:__remi)
                  007fd1e0    000000c0                     : exit.obj (.text:exit)
                  007fd2a0    000000c0     libmmwavelink_xwr16xx.ae674 : rl_driver.oe674 (.text:rlDriverExecuteGetApi)
                  007fd360    000000c0     sysbios.ae674 : BIOS.obj (.text:ti_sysbios_family_c64p_Cache_getL1DInitSize__I)
                  007fd420    000000c0                   : BIOS.obj (.text:ti_sysbios_family_c64p_Cache_getL1PInitSize__I)
                  007fd4e0    000000c0                   : BIOS.obj (.text:ti_sysbios_heaps_HeapMem_getStats__E)
                  007fd5a0    000000c0                   : BIOS.obj (.text:ti_sysbios_knl_Clock_logTick__E)
                  007fd660    000000c0     dss_mmw_pe674.oe674 (.text:ti_sysbios_knl_Task_create)
                  007fd720    000000c0     sysbios.ae674 : BIOS.obj (.text:ti_sysbios_timers_rti_Timer_startup__E)
                  007fd7e0    000000c0                   : BIOS.obj (.text:ti_sysbios_utils_Load_logCPULoad__I)
                  007fd8a0    000000c0                   : BIOS.obj (.text:ti_sysbios_utils_Load_taskCreateHook__E)
                  007fd960    000000c0                   : BIOS.obj (.text:ti_sysbios_utils_Load_taskSwitchHook__E)
                  007fda20    000000c0     rts6740_elf.lib : tls.obj (.text:tls:init:__TI_tls_init)
                  007fdae0    000000c0     ti.targets.rts6000.ae674 : Assert.oe674 (.text:xdc_runtime_Assert_raise__I)
                  007fdba0    000000c0                              : Error.oe674 (.text:xdc_runtime_Error_setX__E)
                  007fdc60    000000a0     libcbuff_xwr16xx.ae674 : cbuff_transfer.oe674 (.text:CBUFF_addCQLLEntry)
                  007fdd00    000000a0                            : cbuff_transfer.oe674 (.text:CBUFF_addUserBufferLLEntry)
                  007fdda0    000000a0                            : cbuff.oe674 (.text:CBUFF_setVC)
                  007fde40    000000a0                            : cbuff_transfer.oe674 (.text:CBUFF_shutdownTransfer)
                  007fdee0    000000a0     libedma_xwr16xx.ae674 : edma_low_level.oe674 (.text:EDMA3EnableChInShadowReg)
                  007fdf80    000000a0                           : edma.oe674 (.text:EDMA_disableChannel)
                  007fe020    000000a0     rts6740_elf.lib : trgdrv.obj (.text:HOSTclose)
                  007fe0c0    000000a0     libmmwave_xwr16xx.ae674 : mmwave.oe674 (.text:MMWave_execute)
                  007fe160    000000a0                             : mmwave_link.oe674 (.text:MMWave_executeLink)
                  007fe200    000000a0                             : mmwave_link.oe674 (.text:MMWave_initLink)
                  007fe2a0    000000a0                             : mmwave_link.oe674 (.text:MMWave_mboxOpen)
                  007fe340    000000a0                             : mmwave.oe674 (.text:MMWave_sync)
                  007fe3e0    000000a0     libmailbox_xwr16xx.ae674 : mailbox.oe674 (.text:Mailbox_boxEmptyISRProcessing)
                  007fe480    000000a0     dss_lvds_stream.oe674 (.text:MmwDemo_LVDSStream_HwTriggerFrameDone)
                  007fe520    000000a0     dss_data_path.oe674 (.text:MmwDemo_Yestimation)
                  007fe5c0    000000a0     dss_data_path.oe674 (.text:MmwDemo_addDopplerCompensation)
                  007fe660    000000a0     dss_data_path.oe674 (.text:MmwDemo_dataPathWait1DInputData)
                  007fe700    000000a0     dss_data_path.oe674 (.text:MmwDemo_dataPathWait1DOutputData)
                  007fe7a0    000000a0     dss_data_path.oe674 (.text:MmwDemo_dataPathWait2DInputData)
                  007fe840    000000a0     dss_data_path.oe674 (.text:MmwDemo_dataPathWait3DInputData)
                  007fe8e0    000000a0     dss_data_path.oe674 (.text:MmwDemo_dataPathWaitTransDetMatrix2)
                  007fe980    000000a0     dss_data_path.oe674 (.text:MmwDemo_dataPathWaitTransDetMatrix)
                  007fea20    000000a0     dss_main.oe674 (.text:MmwDemo_measurementResultOutput)
                  007feac0    000000a0     libsoc_xwr16xx.ae674 : soc.oe674 (.text:SOC_SystemISR)
                  007feb60    000000a0                          : soc_xwr16xx_dss.oe674 (.text:SOC_triggerDSStoMSSsoftwareInterrupt)
                  007fec00    000000a0     rts6740_elf.lib : fopen.obj (.text:__TI_cleanup)
                  007feca0    000000a0                     : fixfu.obj (.text:__c6xabi_fixfu)
                  007fed40    000000a0                     : remu.obj (.text:__remu)
                  007fede0    000000a0     boot.ae674 : boot.oe674 (.text:_c_int00)
                  007fee80    000000a0     rts6740_elf.lib : memcpy64.obj (.text:memcpy)
                  007fef20    000000a0                     : modf.obj (.text:modf)
                  007fefc0    000000a0     libmmwavelink_xwr16xx.ae674 : rl_controller.oe674 (.text:rlAppendSubBlock)
                  007ff060    000000a0                                 : rl_driver.oe674 (.text:rlDriverExecuteSetApi)
                  007ff100    000000a0                                 : rl_driver.oe674 (.text:rlDriverVerifyCRC)
                  007ff1a0    000000a0                                 : rl_controller.oe674 (.text:rlGetSubBlock)
                  007ff240    000000a0     sysbios.ae674 : BIOS.obj (.text:ti_sysbios_family_c64p_Hwi_Module_startup__E)
                  007ff2e0    000000a0                   : BIOS.obj (.text:ti_sysbios_family_c64p_Hwi_getStackInfo__E)
                  007ff380    000000a0                   : BIOS.obj (.text:ti_sysbios_heaps_HeapMem_alloc__E)
                  007ff420    000000a0                   : BIOS.obj (.text:ti_sysbios_knl_Task_allBlockedFunction__I)
                  007ff4c0    000000a0                   : BIOS.obj (.text:ti_sysbios_timers_rti_Timer_setPeriodMicroSecs__E)
                  007ff560    000000a0                   : BIOS.obj (.text:ti_sysbios_utils_Load_addTask__E)
                  007ff600    000000a0                   : BIOS.obj (.text:ti_sysbios_utils_Load_taskDeleteHook__E)
                  007ff6a0    000000a0     ti.targets.rts6000.ae674 : Core-params.oe674 (.text:xdc_runtime_Core_assignParams__I)
                  007ff740    000000a0                              : System.oe674 (.text:xdc_runtime_System_formatNum__I)
                  007ff7e0    000000a0                              : System.oe674 (.text:xdc_runtime_System_putchar__I)
                  007ff880    000000a0                              : Text.oe674 (.text:xdc_runtime_Text_printVisFxn__I)
                  007ff920    000000a0                              : Text.oe674 (.text:xdc_runtime_Text_xprintf__I)
                  007ff9c0    00000080     libadcbuf_xwr16xx.ae674 : ADCBuf.oe674 (.text:ADCBuf_init)
                  007ffa40    00000080     libcbuff_xwr16xx.ae674 : cbuff_lvds.oe674 (.text:CBUFF_closeLVDS)
                  007ffac0    00000080                            : cbuff_transfer.oe674 (.text:CBUFF_setupHeader)
                  007ffb40    00000080                            : cbuff_transfer.oe674 (.text:CBUFF_setup_USER)
                  007ffbc0    00000080     libedma_xwr16xx.ae674 : edma_low_level.oe674 (.text:EDMA3MapChToEvtQ)
                  007ffc40    00000080                           : edma.oe674 (.text:EDMA_chainChannels)
                  007ffcc0    00000080                           : edma.oe674 (.text:EDMA_linkParamSets)
                  007ffd40    00000080     libhsiheader_xwr16xx.ae674 : hsiheader.oe674 (.text:HSIHeader_processUserBuffer)
                  007ffdc0    00000080     libmmwave_xwr16xx.ae674 : mmwave_link.oe674 (.text:MMWave_mboxWrite)
                  007ffe40    00000080     libmailbox_xwr16xx.ae674 : mailbox.oe674 (.text:Mailbox_writeReset)
                  007ffec0    00000080     dss_main.oe674 (.text:MmwDemo_cfgUpdate)
                  007fff40    00000020     libadcbuf_xwr16xx.ae674 : adcbuf_mmwave.oe674 (.text:ADCBUF_MMWave_init)
                  007fff60    00000010     libmmwavealg_xwr16xx.ae674 : mmwavelib_miscutils.oe674 ($Tramp$S$$mmwavelib_accum16)
                  007fff70    00000010                                : mmwavelib_log2abs.oe674 ($Tramp$S$$mmwavelib_log2Abs32)
                  007fff80    00000010     mathlib.ae674 : divsp.oe674 ($Tramp$S$$divsp)
                  007fff90    00000010     dss_data_path.oe674 ($Tramp$S$$MmwDemo_interChirpProcessing)
                  007fffa0    00000010     dss_data_path.oe674 ($Tramp$S$$MmwDemo_interFrameProcessing)
                  007fffb0    00000010     dss_data_path.oe674 ($Tramp$S$$MmwDemo_dataPathInitEdma)
                  007fffc0    00000010     mathlib.ae674 : sinsp.oe674 ($Tramp$S$$sinsp)
                  007fffd0    00000010                   : cossp.oe674 ($Tramp$S$$cossp)
                  007fffe0    00000010                   : sqrtsp.oe674 ($Tramp$S$$sqrtsp)
                  007ffff0    00000010     --HOLE-- [fill = 00000000]

.text.2    0    00800000    00005620     
                  00800000    00000080     dss_data_path.oe674 (.text:MmwDemo_dataPathComputeDerivedConfig)
                  00800080    00000080     libosal_xwr16xx.ae674 : SemaphoreP_tirtos.oe674 (.text:SemaphoreP_create)
                  00800100    00000080     rts6740_elf.lib : trgmsg.obj (.text:__TI_readmsg)
                  00800180    00000080                     : trgmsg.obj (.text:__TI_writemsg)
                  00800200    00000080                     : fixdu.obj (.text:__c6xabi_fixdu)
                  00800280    00000080                     : llshift.obj (.text:__c6xabi_llshl)
                  00800300    00000080     sysbios.ae674 : c62_TaskSupport_asm.obj (.text:_ti_sysbios_family_c62_TaskSupport_swap__E)
                  00800380    00000080     mmwDemo_monitor.oe674 (.text:mmwDemo_cfgAnalogMonitor)
                  00800400    00000080     libmmwavelink_xwr16xx.ae674 : rl_driver.oe674 (.text:rlDeviceIdentifyCmdDir)
                  00800480    00000080                                 : rl_driver.oe674 (.text:rlDriverOsiInit)
                  00800500    00000080     dss_mmw_pe674.oe674 (.text:ti_sysbios_BIOS_atExitFunc__I)
                  00800580    00000080     dss_mmw_pe674.oe674 (.text:ti_sysbios_BIOS_registerRTSLock__I)
                  00800600    00000080     sysbios.ae674 : BIOS.obj (.text:ti_sysbios_family_c64p_Cache_marInit__I)
                  00800680    00000080                   : BIOS.obj (.text:ti_sysbios_family_c64p_Exception_Module_startup__E)
                  00800700    00000080                   : BIOS.obj (.text:ti_sysbios_family_c64p_Hwi_eventMap__E)
                  00800780    00000080     dss_mmw_pe674.oe674 (.text:ti_sysbios_gates_GateHwi_Object__create__S)
                  00800800    00000080     dss_mmw_pe674.oe674 (.text:ti_sysbios_gates_GateMutex_Object__create__S)
                  00800880    00000080     sysbios.ae674 : BIOS.obj (.text:ti_sysbios_hal_Hwi_checkStack)
                  00800900    00000080                   : BIOS.obj (.text:ti_sysbios_hal_Hwi_initStack)
                  00800980    00000080     dss_mmw_pe674.oe674 (.text:ti_sysbios_heaps_HeapMem_Object__create__S)
                  00800a00    00000080     sysbios.ae674 : BIOS.obj (.text:ti_sysbios_heaps_HeapMem_free__E)
                  00800a80    00000080                   : BIOS.obj (.text:ti_sysbios_heaps_HeapMem_init__I)
                  00800b00    00000080     dss_mmw_pe674.oe674 (.text:ti_sysbios_knl_Clock_doTick__I)
                  00800b80    00000080     dss_mmw_pe674.oe674 (.text:ti_sysbios_knl_Event_create)
                  00800c00    00000080     sysbios.ae674 : BIOS.obj (.text:ti_sysbios_knl_Idle_run__E)
                  00800c80    00000080     dss_mmw_pe674.oe674 (.text:ti_sysbios_knl_Semaphore_create)
                  00800d00    00000080     sysbios.ae674 : BIOS.obj (.text:ti_sysbios_knl_Task_processVitalTaskFlag__I)
                  00800d80    00000080                   : BIOS.obj (.text:ti_sysbios_timers_rti_Timer_setPeriod__E)
                  00800e00    00000080                   : BIOS.obj (.text:ti_sysbios_timers_rti_Timer_stop__E)
                  00800e80    00000080                   : BIOS.obj (.text:ti_sysbios_utils_Load_removeTask__E)
                  00800f00    00000080     rts6740_elf.lib : lowlev.obj (.text:unlink)
                  00800f80    00000080     ti.targets.rts6000.ae674 : Core-label.oe674 (.text:xdc_runtime_Core_assignLabel__I)
                  00801000    00000080                              : SysStd.oe674 (.text:xdc_runtime_SysStd_abort__E)
                  00801080    00000080                              : System.oe674 (.text:xdc_runtime_System_atexit__E)
                  00801100    00000080                              : System.oe674 (.text:xdc_runtime_System_avprintf__E)
                  00801180    00000080                              : System.oe674 (.text:xdc_runtime_System_processAtExit__E)
                  00801200    00000080                              : System.oe674 (.text:xdc_runtime_System_vprintf__E)
                  00801280    00000060     libadcbuf_xwr16xx.ae674 : adcbuf_mmwave.oe674 (.text:ADCBUF_MMWave_close)
                  008012e0    00000060                             : ADCBuf.oe674 (.text:ADCBuf_open)
                  00801340    00000060     libcbuff_xwr16xx.ae674 : cbuff.oe674 (.text:CBUFF_ErrorISR)
                  008013a0    00000060     libcrc_xwr16xx.ae674 : crc.oe674 (.text:CRC_getCRCDataSelectBitValue)
                  00801400    00000060                          : crc.oe674 (.text:CRC_getCRCTypeBitValue)
                  00801460    00000060                          : crc.oe674 (.text:CRC_isTransactionIdValid)
                  008014c0    00000060                          : crc.oe674 (.text:CRC_resetSignature)
                  00801520    00000060     libedma_xwr16xx.ae674 : edma_low_level.oe674 (.text:EDMA3ClrEvt)
                  00801580    00000060                           : edma_low_level.oe674 (.text:EDMA3ClrIntr)
                  008015e0    00000060                           : edma_low_level.oe674 (.text:EDMA3ClrMissEvt)
                  00801640    00000060                           : edma_low_level.oe674 (.text:EDMA3DisableEvtIntr)
                  008016a0    00000060                           : edma_low_level.oe674 (.text:EDMA3EnableDmaEvt)
                  00801700    00000060                           : edma_low_level.oe674 (.text:EDMA3EnableEvtIntr)
                  00801760    00000060                           : edma_low_level.oe674 (.text:EDMA3SetEvt)
                  008017c0    00000060                           : edma.oe674 (.text:EDMA_configTransferControllerError)
                  00801820    00000060                           : edma.oe674 (.text:EDMA_setDestinationAddress)
                  00801880    00000060                           : edma.oe674 (.text:EDMA_setSourceAddress)
                  008018e0    00000060                           : edma.oe674 (.text:EDMA_validate_channelIdchannelType)
                  00801940    00000060     libhsiheader_xwr16xx.ae674 : hsiheader.oe674 (.text:HSIHeader_processCQ)
                  008019a0    00000060     libmmwave_xwr16xx.ae674 : mmwave_listlib.oe674 (.text:MMWave_listCat)
                  00801a00    00000060                             : mmwave_listlib.oe674 (.text:MMWave_listRemoveNode)
                  00801a60    00000060                             : mmwave_osal.oe674 (.text:MMWave_osalMutexCreate)
                  00801ac0    00000060                             : mmwave_osal.oe674 (.text:MMWave_osalSemCreate)
                  00801b20    00000060     libmailbox_xwr16xx.ae674 : mailbox.oe674 (.text:Mailbox_Config_init)
                  00801b80    00000060     dss_data_path.oe674 (.text:MmwDemo_dataPathObjInit)
                  00801be0    00000060     dss_data_path.oe674 (.text:MmwDemo_dssDataPathStartCQEdma)
                  00801c40    00000060     dss_main.oe674 (.text:MmwDemo_dssMMWaveCtrlTask)
                  00801ca0    00000060     dss_main.oe674 (.text:MmwDemo_dssMmwaveOpenCallbackFxn)
                  00801d00    00000060     dss_main.oe674 (.text:MmwDemo_triggerDss2MssISR)
                  00801d60    00000060     dss_data_path.oe674 (.text:MmwDemo_waitEndOfChirps)
                  00801dc0    00000060     libsoc_xwr16xx.ae674 : soc_xwr16xx.oe674 (.text:SOC_setMMWaveDSSLinkState)
                  00801e20    00000060                          : soc_xwr16xx.oe674 (.text:SOC_setMMWaveMSSLinkState)
                  00801e80    00000060                          : soc.oe674 (.text:SOC_unhaltBSS)
                  00801ee0    00000060                          : soc_xwr16xx_dss.oe674 (.text:SOC_waitBSSPowerUp)
                  00801f40    00000060     rts6740_elf.lib : llshift.obj (.text:__c6xabi_llshru)
                  00801fa0    00000060                     : imath64.obj (.text:_subcull)
                  00802000    00000060     sysbios.ae674 : c64p_Hwi_asm_switch.obj (.text:_ti_sysbios_family_c64p_Hwi_switchAndDispatch__I)
                  00802060    00000060     rts6740_elf.lib : lowlev.obj (.text:lseek)
                  008020c0    00000060     mmwDemo_monitor.oe674 (.text:mmwDemo_cfgRxSaturationMonitor)
                  00802120    00000060     mmwDemo_monitor.oe674 (.text:mmwDemo_cfgRxSigImgMonitor)
                  00802180    00000060     libmmwavelink_xwr16xx.ae674 : rl_device.oe674 (.text:rlDeviceGetMssVersion)
                  008021e0    00000060                                 : rl_driver.oe674 (.text:rlDriverConstructInMsg)
                  00802240    00000060                                 : rl_sensor.oe674 (.text:rlEnableContMode)
                  008022a0    00000060                                 : rl_monitoring.oe674 (.text:rlRfAnaMonConfig)
                  00802300    00000060                                 : rl_sensor.oe674 (.text:rlRfRunTimeCalibConfig)
                  00802360    00000060                                 : rl_monitoring.oe674 (.text:rlRfRxIfSatMonConfig)
                  008023c0    00000060                                 : rl_monitoring.oe674 (.text:rlRfRxSigImgMonConfig)
                  00802420    00000060                                 : rl_sensor.oe674 (.text:rlSensorStart)
                  00802480    00000060     dss_mmw_pe674.oe674 (.text:ti_sysbios_BIOS_errorRaiseHook__I)
                  008024e0    00000060     dss_mmw_pe674.oe674 (.text:ti_sysbios_BIOS_removeRTSLock__I)
                  00802540    00000060     dss_mmw_pe674.oe674 (.text:ti_sysbios_BIOS_startFunc__I)
                  008025a0    00000060     sysbios.ae674 : BIOS.obj (.text:ti_sysbios_family_c62_TaskSupport_start__E)
                  00802600    00000060                   : BIOS.obj (.text:ti_sysbios_family_c64p_Cache_setMar__E)
                  00802660    00000060                   : BIOS.obj (.text:ti_sysbios_family_c64p_Cache_setSize__E)
                  008026c0    00000060                   : BIOS.obj (.text:ti_sysbios_family_c64p_EventCombiner_Module_startup__E)
                  00802720    00000060                   : BIOS.obj (.text:ti_sysbios_family_c64p_EventCombiner_unused__E)
                  00802780    00000060     dss_mmw_pe674.oe674 (.text:ti_sysbios_gates_GateMutex_Object__delete__S)
                  008027e0    00000060     sysbios.ae674 : BIOS.obj (.text:ti_sysbios_knl_Clock_Module_startup__E)
                  00802840    00000060                   : BIOS.obj (.text:ti_sysbios_knl_Event_pendTimeout__I)
                  008028a0    00000060     dss_mmw_pe674.oe674 (.text:ti_sysbios_knl_Queue_construct)
                  00802900    00000060     dss_mmw_pe674.oe674 (.text:ti_sysbios_knl_Semaphore_Object__delete__S)
                  00802960    00000060     dss_mmw_pe674.oe674 (.text:ti_sysbios_knl_Semaphore_construct)
                  008029c0    00000060     sysbios.ae674 : BIOS.obj (.text:ti_sysbios_knl_Semaphore_pendTimeout__I)
                  00802a20    00000060                   : BIOS.obj (.text:ti_sysbios_knl_Task_enter__I)
                  00802a80    00000060                   : BIOS.obj (.text:ti_sysbios_knl_Task_getMode__E)
                  00802ae0    00000060                   : BIOS.obj (.text:ti_sysbios_knl_Task_restoreHwi__E)
                  00802b40    00000060                   : BIOS.obj (.text:ti_sysbios_knl_Task_restore__E)
                  00802ba0    00000060     dss_mmw_pe674.oe674 (.text:ti_sysbios_rts_gnu_MemAlloc_alloc)
                  00802c00    00000060     rts6740_elf.lib : lowlev.obj (.text:write)
                  00802c60    00000060     ti.targets.rts6000.ae674 : Memory.oe674 (.text:xdc_runtime_Memory_valloc__E)
                  00802cc0    00000060                              : Text.oe674 (.text:xdc_runtime_Text_cordText__E)
                  00802d20    00000040     libcbuff_xwr16xx.ae674 : cbuff.oe674 (.text:CBUFF_FrameStartISR)
                  00802d60    00000040                            : cbuff_lvds.oe674 (.text:CBUFF_finalizeLVDSLinkListParams)
                  00802da0    00000040     libcrc_xwr16xx.ae674 : crc.oe674 (.text:CRC_getSignatureRegister)
                  00802de0    00000040                          : crc.oe674 (.text:CRC_releaseTransactionId)
                  00802e20    00000040     libadcbuf_xwr16xx.ae674 : adcbuf_mmwave.oe674 (.text:CSL_FEXTR)
                  00802e60    00000040     libcbuff_xwr16xx.ae674 : cbuff.oe674 (.text:CSL_FEXTR)
                  00802ea0    00000040                            : cbuff_lvds.oe674 (.text:CSL_FEXTR)
                  00802ee0    00000040     libhsiheader_xwr16xx.ae674 : hsiheader.oe674 (.text:CSL_FEXTR)
                  00802f20    00000040     libmmwave_xwr16xx.ae674 : mmwave.oe674 (.text:CSL_FEXTR)
                  00802f60    00000040     libsoc_xwr16xx.ae674 : soc.oe674 (.text:CSL_FEXTR)
                  00802fa0    00000040                          : soc_xwr16xx.oe674 (.text:CSL_FEXTR)
                  00802fe0    00000040     libadcbuf_xwr16xx.ae674 : adcbuf_mmwave.oe674 (.text:CSL_FINSR)
                  00803020    00000040     libcbuff_xwr16xx.ae674 : cbuff.oe674 (.text:CSL_FINSR)
                  00803060    00000040                            : cbuff_lvds.oe674 (.text:CSL_FINSR)
                  008030a0    00000040                            : cbuff_transfer.oe674 (.text:CSL_FINSR)
                  008030e0    00000040     libcrc_xwr16xx.ae674 : crc.oe674 (.text:CSL_FINSR)
                  00803120    00000040     libmailbox_xwr16xx.ae674 : mailbox.oe674 (.text:CSL_FINSR)
                  00803160    00000040     libsoc_xwr16xx.ae674 : soc.oe674 (.text:CSL_FINSR)
                  008031a0    00000040                          : soc_xwr16xx.oe674 (.text:CSL_FINSR)
                  008031e0    00000040                          : soc_xwr16xx_dss.oe674 (.text:CSL_FINSR)
                  00803220    00000040     libedma_xwr16xx.ae674 : edma_low_level.oe674 (.text:EDMA3DisableDmaEvt)
                  00803260    00000040                           : edma_low_level.oe674 (.text:EDMA3MapQdmaChToPaRAM)
                  008032a0    00000040                           : edma_low_level.oe674 (.text:EDMA3SetPaRAM)
                  008032e0    00000040                           : edma_low_level.oe674 (.text:EDMA3SetQdmaTrigWord)
                  00803320    00000040     libosal_xwr16xx.ae674 : HwiP_tirtos.oe674 (.text:HwiP_create)
                  00803360    00000040                           : HwiP_tirtos.oe674 (.text:HwiP_delete)
                  008033a0    00000040     libmmwave_xwr16xx.ae674 : mmwave_xwr16xx.oe674 (.text:MMWave_deviceSyncFxn)
                  008033e0    00000040                             : mmwave.oe674 (.text:MMWave_encodeError)
                  00803420    00000040                             : mmwave_listlib.oe674 (.text:MMWave_listAdd)
                  00803460    00000040                             : mmwave_listlib.oe674 (.text:MMWave_listRemove)
                  008034a0    00000040                             : mmwave_osal.oe674 (.text:MMWave_osalMutexLock)
                  008034e0    00000040                             : mmwave_osal.oe674 (.text:MMWave_osalSemWait)
                  00803520    00000040     libmailbox_xwr16xx.ae674 : mailbox.oe674 (.text:Mailbox_boxEmptyISRBss)
                  00803560    00000040                              : mailbox.oe674 (.text:Mailbox_boxEmptyISRMssDss)
                  008035a0    00000040                              : mailbox.oe674 (.text:Mailbox_boxFullISRBss)
                  008035e0    00000040     dss_data_path.oe674 (.text:MmwDemo_dataPathInit1Dstate)
                  00803620    00000040     dss_main.oe674 (.text:MmwDemo_dssMmwaveConfigCallbackFxn)
                  00803660    00000040     dss_main.oe674 (.text:MmwDemo_dssMmwaveStartCallbackFxn)
                  008036a0    00000040     dss_data_path.oe674 (.text:MmwDemo_edmaErrorCallbackFxn)
                  008036e0    00000040     dss_data_path.oe674 (.text:MmwDemo_edmaTransferControllerErrorCallbackFxn)
                  00803720    00000040     dss_main.oe674 (.text:MmwDemo_mboxWrite)
                  00803760    00000040     dss_data_path.oe674 (.text:MmwDemo_pow2roundup)
                  008037a0    00000040     libsoc_xwr16xx.ae674 : soc_xwr16xx_dss.oe674 (.text:SOC_getInAddr_LUTType)
                  008037e0    00000040                          : soc_xwr16xx_dss.oe674 (.text:SOC_getOutAddr_LUTType)
                  00803820    00000040                          : soc_xwr16xx.oe674 (.text:SOC_isMMWaveDSSOperational)
                  00803860    00000040                          : soc_xwr16xx.oe674 (.text:SOC_isMMWaveMSSOperational)
                  008038a0    00000040                          : soc_xwr16xx_dss.oe674 (.text:SOC_microDelay)
                  008038e0    00000040     rts6740_elf.lib : frcmpyd_div.obj (.text:__TI_frcmpyd_div)
                  00803920    00000040                     : strasg.obj (.text:__strasgi_64plus)
                  00803960    00000040                     : args_main.obj (.text:_args_main)
                  008039a0    00000040     sysbios.ae674 : c62_TaskSupport_asm.obj (.text:_ti_sysbios_family_c62_TaskSupport_buildTaskStack)
                  008039e0    00000040     dss_mmw_pe674.oe674 (.text:free)
                  00803a20    00000040     rts6740_elf.lib : log10.obj (.text:log10)
                  00803a60    00000040     libmmwavelink_xwr16xx.ae674 : rl_controller.oe674 (.text:rlAppendDummy)
                  00803aa0    00000040                                 : rl_device.oe674 (.text:rlDeviceGetRfVersion)
                  00803ae0    00000040                                 : rl_driver.oe674 (.text:rlDriverCalCRC)
                  00803b20    00000040     dss_mmw_pe674.oe674 (.text:ti_sysbios_BIOS_exitFunc__I)
                  00803b60    00000040     dss_mmw_pe674.oe674 (.text:ti_sysbios_BIOS_rtsLock__I)
                  00803ba0    00000040     dss_mmw_pe674.oe674 (.text:ti_sysbios_BIOS_rtsUnlock__I)
                  00803be0    00000040     sysbios.ae674 : BIOS.obj (.text:ti_sysbios_family_c64p_EventCombiner_disableEvent__E)
                  00803c20    00000040                   : BIOS.obj (.text:ti_sysbios_family_c64p_EventCombiner_enableEvent__E)
                  00803c60    00000040                   : BIOS.obj (.text:ti_sysbios_family_c64p_Exception_externalHandler__I)
                  00803ca0    00000040                   : BIOS.obj (.text:ti_sysbios_family_c64p_Exception_nmiHandler__I)
                  00803ce0    00000040                   : BIOS.obj (.text:ti_sysbios_family_c64p_Hwi_disableIER__E)
                  00803d20    00000040                   : BIOS.obj (.text:ti_sysbios_family_c64p_Hwi_dispatchC__I)
                  00803d60    00000040                   : BIOS.obj (.text:ti_sysbios_family_c64p_Hwi_enableIER__E)
                  00803da0    00000040                   : BIOS.obj (.text:ti_sysbios_family_c64p_Hwi_getEventId__E)
                  00803de0    00000040     dss_mmw_pe674.oe674 (.text:ti_sysbios_gates_GateHwi_Handle__label__S)
                  00803e20    00000040     dss_mmw_pe674.oe674 (.text:ti_sysbios_gates_GateHwi_Object__delete__S)
                  00803e60    00000040     dss_mmw_pe674.oe674 (.text:ti_sysbios_gates_GateMutex_Handle__label__S)
                  00803ea0    00000040     sysbios.ae674 : BIOS.obj (.text:ti_sysbios_gates_GateMutex_Instance_finalize__E)
                  00803ee0    00000040                   : BIOS.obj (.text:ti_sysbios_gates_GateMutex_Instance_init__E)
                  00803f20    00000040                   : BIOS.obj (.text:ti_sysbios_gates_GateMutex_leave__E)
                  00803f60    00000040     dss_mmw_pe674.oe674 (.text:ti_sysbios_heaps_HeapMem_Handle__label__S)
                  00803fa0    00000040     dss_mmw_pe674.oe674 (.text:ti_sysbios_heaps_HeapMem_Object__delete__S)
                  00803fe0    00000040     dss_mmw_pe674.oe674 (.text:ti_sysbios_heaps_HeapMem_Object__get__S)
                  00804020    00000040     sysbios.ae674 : BIOS.obj (.text:ti_sysbios_knl_Clock_addI__E)
                  00804060    00000040                   : BIOS.obj (.text:ti_sysbios_knl_Event_Instance_init__E)
                  008040a0    00000040                   : BIOS.obj (.text:ti_sysbios_knl_Event_checkEvents__I)
                  008040e0    00000040                   : BIOS.obj (.text:ti_sysbios_knl_Semaphore_Instance_finalize__E)
                  00804120    00000040     dss_mmw_pe674.oe674 (.text:ti_sysbios_knl_Semaphore_destruct)
                  00804160    00000040     dss_mmw_pe674.oe674 (.text:ti_sysbios_knl_Task_Object__get__S)
                  008041a0    00000040     sysbios.ae674 : BIOS.obj (.text:ti_sysbios_knl_Task_sleepTimeout__I)
                  008041e0    00000040                   : BIOS.obj (.text:ti_sysbios_knl_Task_unblock__E)
                  00804220    00000040                   : BIOS.obj (.text:ti_sysbios_timers_rti_Timer_ackInterrupt__E)
                  00804260    00000040                   : BIOS.obj (.text:ti_sysbios_timers_rti_Timer_checkOverflow__I)
                  008042a0    00000040                   : BIOS.obj (.text:ti_sysbios_utils_Load_getTaskLoad__E)
                  008042e0    00000040     ti.targets.rts6000.ae674 : Error.oe674 (.text:xdc_runtime_Error_check__E)
                  00804320    00000040                              : Error.oe674 (.text:xdc_runtime_Error_init__E)
                  00804360    00000040                              : Registry.oe674 (.text:xdc_runtime_Registry_findById__E)
                  008043a0    00000040                              : System.oe674 (.text:xdc_runtime_System_abort__E)
                  008043e0    00000040     dss_mmw_pe674.oe674 (.text:xdc_runtime_System_aprintf__E)
                  00804420    00000040     ti.targets.rts6000.ae674 : System.oe674 (.text:xdc_runtime_System_exit__E)
                  00804460    00000040     dss_mmw_pe674.oe674 (.text:xdc_runtime_System_printf__E)
                  008044a0    00000020     libadcbuf_xwr16xx.ae674 : ADCBuf.oe674 (.text:ADCBuf_Params_init)
                  008044c0    00000020                             : ADCBuf.oe674 (.text:ADCBuf_control)
                  008044e0    00000020                             : ADCBuf.oe674 (.text:ADCBuf_getChanBufAddr)
                  00804500    00000020     libcbuff_xwr16xx.ae674 : cbuff_lvds.oe674 (.text:CBUFF_deinitLVDS)
                  00804520    00000020     libcrc_xwr16xx.ae674 : crc.oe674 (.text:CRC_initConfigParams)
                  00804540    00000020     libsoc_xwr16xx.ae674 : soc_xwr16xx_dss.oe674 (.text:CSL_FEXTR)
                  00804560    00000020     libedma_xwr16xx.ae674 : edma_low_level.oe674 (.text:EDMA3ChannelToParamMap)
                  00804580    00000020                           : edma_low_level.oe674 (.text:EDMA3ClrCCErr)
                  008045a0    00000020                           : edma_low_level.oe674 (.text:EDMA3DisableQdmaEvt)
                  008045c0    00000020                           : edma_low_level.oe674 (.text:EDMA3EnableQdmaEvt)
                  008045e0    00000020                           : edma_low_level.oe674 (.text:EDMA3ErrIntrHighStatusGet)
                  00804600    00000020                           : edma_low_level.oe674 (.text:EDMA3GetCCErrStatus)
                  00804620    00000020                           : edma_low_level.oe674 (.text:EDMA3GetErrIntrStatus)
                  00804640    00000020                           : edma_low_level.oe674 (.text:EDMA3GetIntrStatus)
                  00804660    00000020                           : edma_low_level.oe674 (.text:EDMA3IntrStatusHighGet)
                  00804680    00000020                           : edma_low_level.oe674 (.text:EDMA3QdmaClrMissEvt)
                  008046a0    00000020                           : edma_low_level.oe674 (.text:EDMA3QdmaGetErrIntrStatus)
                  008046c0    00000020                           : edma.oe674 (.text:EDMA_getNumInstances)
                  008046e0    00000020                           : edma_low_level.oe674 (.text:EDMAsetRegion)
                  00804700    00000020     libosal_xwr16xx.ae674 : HwiP_tirtos.oe674 (.text:HwiP_Params_init)
                  00804720    00000020                           : HwiP_tirtos.oe674 (.text:HwiP_disable)
                  00804740    00000020                           : HwiP_tirtos.oe674 (.text:HwiP_disableInterrupt)
                  00804760    00000020                           : HwiP_tirtos.oe674 (.text:HwiP_enableInterrupt)
                  00804780    00000020                           : HwiP_tirtos.oe674 (.text:HwiP_restore)
                  008047a0    00000020     libmmwave_xwr16xx.ae674 : mmwave.oe674 (.text:MMWave_decodeErrorLevel)
                  008047c0    00000020                             : mmwave_xwr16xx.oe674 (.text:MMWave_deviceGetDeviceInfo)
                  008047e0    00000020                             : mmwave_xwr16xx.oe674 (.text:MMWave_deviceMailboxCallbackFxn)
                  00804800    00000020                             : mmwave_link.oe674 (.text:MMWave_disableDevice)
                  00804820    00000020                             : mmwave_link.oe674 (.text:MMWave_enableDevice)
                  00804840    00000020                             : mmwave_listlib.oe674 (.text:MMWave_listGetHead)
                  00804860    00000020                             : mmwave_listlib.oe674 (.text:MMWave_listGetNext)
                  00804880    00000020                             : mmwave_link.oe674 (.text:MMWave_maskHostIRQ)
                  008048a0    00000020                             : mmwave_link.oe674 (.text:MMWave_mboxCallbackFxn)
                  008048c0    00000020                             : mmwave_link.oe674 (.text:MMWave_mboxClose)
                  008048e0    00000020                             : mmwave_link.oe674 (.text:MMWave_mboxRead)
                  00804900    00000020                             : mmwave_osal.oe674 (.text:MMWave_osalMutexDelete)
                  00804920    00000020                             : mmwave_osal.oe674 (.text:MMWave_osalMutexUnlock)
                  00804940    00000020                             : mmwave_osal.oe674 (.text:MMWave_osalSemDelete)
                  00804960    00000020                             : mmwave_osal.oe674 (.text:MMWave_osalSemSignal)
                  00804980    00000020                             : mmwave_link.oe674 (.text:MMWave_registerInterruptHandler)
                  008049a0    00000020                             : mmwave_link.oe674 (.text:MMWave_unmaskHostIRQ)
                  008049c0    00000020                             : mmwave_link.oe674 (.text:MMWave_waitIRQStatus)
                  008049e0    00000020     libosal_xwr16xx.ae674 : MemoryP_tirtos.oe674 (.text:MemoryP_ctrlAlloc)
                  00804a00    00000020                           : MemoryP_tirtos.oe674 (.text:MemoryP_ctrlFree)
                  00804a20    00000020     dss_main.oe674 (.text:MmwDemo_dssMmwaveCloseCallbackFxn)
                  00804a40    00000020     dss_main.oe674 (.text:MmwDemo_dssMmwaveStopCallbackFxn)
                  00804a60    00000020     dss_main.oe674 (.text:MmwDemo_mboxCallback)
                  00804a80    00000020     dss_main.oe674 (.text:MmwDemo_sleep)
                  00804aa0    00000020     libosal_xwr16xx.ae674 : SemaphoreP_tirtos.oe674 (.text:SemaphoreP_Params_init)
                  00804ac0    00000020                           : SemaphoreP_tirtos.oe674 (.text:SemaphoreP_delete)
                  00804ae0    00000020                           : SemaphoreP_tirtos.oe674 (.text:SemaphoreP_pend)
                  00804b00    00000020                           : SemaphoreP_tirtos.oe674 (.text:SemaphoreP_post)
                  00804b20    00000020                           : DebugP_tirtos.oe674 (.text:_DebugP_assert)
                  00804b40    00000020     rts6740_elf.lib : errno.obj (.text:__c6xabi_errno_addr)
                  00804b60    00000020                     : push.obj (.text:__pop_rts)
                  00804b80    00000020                     : push.obj (.text:__push_rts)
                  00804ba0    00000020     ti.targets.rts6000.ae674 : xdc_noinit.oe674 (.text:__xdc__init)
                  00804bc0    00000020     rts6740_elf.lib : _lock.obj (.text:_nop)
                  00804be0    00000020                     : _lock.obj (.text:_register_lock)
                  00804c00    00000020                     : _lock.obj (.text:_register_unlock)
                  00804c20    00000020     sysbios.ae674 : c62_TaskSupport_asm.obj (.text:_ti_sysbios_family_c62_TaskSupport_glue)
                  00804c40    00000020     rts6740_elf.lib : exit.obj (.text:abort)
                  00804c60    00000020                     : fputc.obj (.text:putchar)
                  00804c80    00000020     libmmwavelink_xwr16xx.ae674 : rl_driver.oe674 (.text:rlDriverGetHandle)
                  00804ca0    00000020                                 : rl_driver.oe674 (.text:rlDriverGetPlatformId)
                  00804cc0    00000020                                 : rl_driver.oe674 (.text:rlDriverIsDeviceMapValid)
                  00804ce0    00000020                                 : rl_controller.oe674 (.text:rlGetSubBlockId)
                  00804d00    00000020                                 : rl_controller.oe674 (.text:rlGetSubBlockLen)
                  00804d20    00000020     dss_mmw_pe674.oe674 (.text:ti_sysbios_BIOS_RtsGateProxy_enter__E)
                  00804d40    00000020     dss_mmw_pe674.oe674 (.text:ti_sysbios_BIOS_RtsGateProxy_leave__E)
                  00804d60    00000020     sysbios.ae674 : BIOS.obj (.text:ti_sysbios_BIOS_getCpuFreq__E)
                  00804d80    00000020                   : BIOS.obj (.text:ti_sysbios_BIOS_linkedWithIncorrectBootLibrary__E)
                  00804da0    00000020     dss_mmw_pe674.oe674 (.text:ti_sysbios_BIOS_nullFunc__I)
                  00804dc0    00000020     sysbios.ae674 : BIOS.obj (.text:ti_sysbios_BIOS_setThreadType__E)
                  00804de0    00000020                   : BIOS.obj (.text:ti_sysbios_BIOS_start__E)
                  00804e00    00000020     dss_mmw_pe674.oe674 (.text:ti_sysbios_family_c62_TaskSupport_Module__startupDone__S)
                  00804e20    00000020     sysbios.ae674 : BIOS.obj (.text:ti_sysbios_family_c62_TaskSupport_checkStack__E)
                  00804e40    00000020                   : BIOS.obj (.text:ti_sysbios_family_c62_TaskSupport_getStackAlignment__E)
                  00804e60    00000020     dss_mmw_pe674.oe674 (.text:ti_sysbios_family_c64p_Hwi_Module__startupDone__F)
                  00804e80    00000020     sysbios.ae674 : BIOS.obj (.text:ti_sysbios_family_c64p_Hwi_clearInterrupt__E)
                  00804ea0    00000020                   : BIOS.obj (.text:ti_sysbios_family_c64p_Hwi_disableInterrupt__E)
                  00804ec0    00000020                   : BIOS.obj (.text:ti_sysbios_family_c64p_Hwi_enableInterrupt__E)
                  00804ee0    00000020                   : BIOS.obj (.text:ti_sysbios_family_c64p_Hwi_getIsrStackAddress__I)
                  00804f00    00000020                   : BIOS.obj (.text:ti_sysbios_family_c64p_Hwi_startup__E)
                  00804f20    00000020                   : BIOS.obj (.text:ti_sysbios_family_c64p_Hwi_switchFromBootStack__E)
                  00804f40    00000020                   : BIOS.obj (.text:ti_sysbios_family_c64p_TimestampProvider_Module_startup__E)
                  00804f60    00000020                   : BIOS.obj (.text:ti_sysbios_family_c64p_TimestampProvider_get32__E)
                  00804f80    00000020                   : BIOS.obj (.text:ti_sysbios_gates_GateHwi_Instance_init__E)
                  00804fa0    00000020                   : BIOS.obj (.text:ti_sysbios_gates_GateHwi_enter__E)
                  00804fc0    00000020                   : BIOS.obj (.text:ti_sysbios_gates_GateHwi_leave__E)
                  00804fe0    00000020                   : BIOS.obj (.text:ti_sysbios_gates_GateHwi_query__E)
                  00805000    00000020                   : BIOS.obj (.text:ti_sysbios_gates_GateMutex_query__E)
                  00805020    00000020                   : BIOS.obj (.text:ti_sysbios_hal_Hwi_Module_startup__E)
                  00805040    00000020     dss_mmw_pe674.oe674 (.text:ti_sysbios_heaps_HeapMem_Module_GateProxy_enter__E)
                  00805060    00000020     dss_mmw_pe674.oe674 (.text:ti_sysbios_heaps_HeapMem_Module_GateProxy_leave__E)
                  00805080    00000020     sysbios.ae674 : BIOS.obj (.text:ti_sysbios_heaps_HeapMem_isBlocking__E)
                  008050a0    00000020                   : BIOS.obj (.text:ti_sysbios_heaps_HeapMem_restore__E)
                  008050c0    00000020     dss_mmw_pe674.oe674 (.text:ti_sysbios_knl_Clock_TimerProxy_getMaxTicks__E)
                  008050e0    00000020     sysbios.ae674 : BIOS.obj (.text:ti_sysbios_knl_Clock_removeI__E)
                  00805100    00000020                   : BIOS.obj (.text:ti_sysbios_knl_Clock_startI__E)
                  00805120    00000020                   : BIOS.obj (.text:ti_sysbios_knl_Idle_loop__E)
                  00805140    00000020                   : BIOS.obj (.text:ti_sysbios_knl_Queue_Instance_init__E)
                  00805160    00000020     dss_mmw_pe674.oe674 (.text:ti_sysbios_knl_Queue_Object__get__S)
                  00805180    00000020     sysbios.ae674 : BIOS.obj (.text:ti_sysbios_knl_Queue_dequeue__E)
                  008051a0    00000020     dss_mmw_pe674.oe674 (.text:ti_sysbios_knl_Queue_destruct)
                  008051c0    00000020     sysbios.ae674 : BIOS.obj (.text:ti_sysbios_knl_Queue_empty__E)
                  008051e0    00000020                   : BIOS.obj (.text:ti_sysbios_knl_Queue_enqueue__E)
                  00805200    00000020                   : BIOS.obj (.text:ti_sysbios_knl_Queue_put__E)
                  00805220    00000020     dss_mmw_pe674.oe674 (.text:ti_sysbios_knl_Semaphore_Params__init__S)
                  00805240    00000020     dss_mmw_pe674.oe674 (.text:ti_sysbios_knl_Semaphore_delete)
                  00805260    00000020     dss_mmw_pe674.oe674 (.text:ti_sysbios_knl_Task_Params__init__S)
                  00805280    00000020     sysbios.ae674 : BIOS.obj (.text:ti_sysbios_knl_Task_disable__E)
                  008052a0    00000020                   : BIOS.obj (.text:ti_sysbios_knl_Task_enabled__E)
                  008052c0    00000020                   : BIOS.obj (.text:ti_sysbios_knl_Task_startup__E)
                  008052e0    00000020     dss_mmw_pe674.oe674 (.text:ti_sysbios_timers_rti_Timer_Module__startupDone__F)
                  00805300    00000020     sysbios.ae674 : BIOS.obj (.text:ti_sysbios_timers_rti_Timer_getMaxTicks__E)
                  00805320    00000020                   : BIOS.obj (.text:ti_sysbios_timers_rti_Timer_periodicStub__E)
                  00805340    00000020                   : BIOS.obj (.text:ti_sysbios_utils_Load_getCPULoad__E)
                  00805360    00000020                   : BIOS.obj (.text:ti_sysbios_utils_Load_taskRegHook__E)
                  00805380    00000020     ti.targets.rts6000.ae674 : Error.oe674 (.text:xdc_runtime_Error_getSite__E)
                  008053a0    00000020                              : Error.oe674 (.text:xdc_runtime_Error_raiseX__E)
                  008053c0    00000020                              : Gate.oe674 (.text:xdc_runtime_Gate_enterSystem__E)
                  008053e0    00000020                              : Gate.oe674 (.text:xdc_runtime_Gate_leaveSystem__E)
                  00805400    00000020     dss_mmw_pe674.oe674 (.text:xdc_runtime_IHeap_alloc)
                  00805420    00000020     dss_mmw_pe674.oe674 (.text:xdc_runtime_IHeap_free)
                  00805440    00000020     ti.targets.rts6000.ae674 : Memory.oe674 (.text:xdc_runtime_Memory_calloc__E)
                  00805460    00000020                              : Memory.oe674 (.text:xdc_runtime_Memory_free__E)
                  00805480    00000020                              : Memory.oe674 (.text:xdc_runtime_Memory_getMaxDefaultTypeAlign__E)
                  008054a0    00000020     dss_mmw_pe674.oe674 (.text:xdc_runtime_Startup_exec__I)
                  008054c0    00000020     dss_mmw_pe674.oe674 (.text:xdc_runtime_Startup_reset__I)
                  008054e0    00000020     ti.targets.rts6000.ae674 : Startup.oe674 (.text:xdc_runtime_Startup_rtsDone__E)
                  00805500    00000020                              : SysStd.oe674 (.text:xdc_runtime_SysStd_exit__E)
                  00805520    00000020                              : SysStd.oe674 (.text:xdc_runtime_SysStd_putch__E)
                  00805540    00000020                              : SysStd.oe674 (.text:xdc_runtime_SysStd_ready__E)
                  00805560    00000020     dss_mmw_pe674.oe674 (.text:xdc_runtime_System_Module_GateProxy_enter__E)
                  00805580    00000020     dss_mmw_pe674.oe674 (.text:xdc_runtime_System_Module_GateProxy_leave__E)
                  008055a0    00000020     ti.targets.rts6000.ae674 : System.oe674 (.text:xdc_runtime_System_Module_startup__E)
                  008055c0    00000020                              : System.oe674 (.text:xdc_runtime_System_vsnprintf__E)
                  008055e0    00000020                              : Text.oe674 (.text:xdc_runtime_Text_ropeText__E)
                  00805600    00000020     dss_mmw_pe674.oe674 (.text:xdc_runtime_Text_visitRope__I)

.l2data    0    00805620    0000cc00     UNINITIALIZED
                  00805620    0000c000     dss_data_path.oe674 (.l2data)
                  00811620    00000c00     dss_main.oe674 (.l2data)

systemHeap 
*          0    00812220    00005000     UNINITIALIZED
                  00812220    00005000     dss_mmw_pe674.oe674 (systemHeap)

.const     0    00817220    00002b31     
                  00817220    00000be4     dss_main.oe674 (.const:.string)
                  00817e04    00000004     ti.targets.rts6000.ae674 : Assert.oe674 (.const:.string)
                  00817e08    00000800     dss_data_path.oe674 (.const:twiddleTableCommon)
                  00818608    00000518     sysbios.ae674 : BIOS.obj (.const:.string)
                  00818b20    00000398     dss_lvds_stream.oe674 (.const:.string)
                  00818eb8    00000164     dss_config_edma_util.oe674 (.const:.string)
                  0081901c    00000108     libcbuff_xwr16xx.ae674 : cbuff_transfer.oe674 (.const:.string)
                  00819124    000000ec     dss_data_path.oe674 (.const:.string)
                  00819210    00000070     libmmwavelink_xwr16xx.ae674 : rl_driver.oe674 (.const)
                  00819280    0000006c                                 : rl_driver.oe674 (.const:.string)
                  008192ec    00000004     dss_mmw_pe674.oe674 (.const:ti_sysbios_family_c62_TaskSupport_stackAlignment__C)
                  008192f0    00000068     libedma_xwr16xx.ae674 : edma_xwr1xxx.oe674 (.const:gEdmaHwAttrs)
                  00819358    00000064     dss_mmw_pe674.oe674 (.const:.string)
                  008193bc    00000058     libedma_xwr16xx.ae674 : edma.oe674 (.const:.string)
                  00819414    00000058     ti.targets.rts6000.ae674 : Error.oe674 (.const:.string)
                  0081946c    0000004c     libmailbox_xwr16xx.ae674 : mailbox.oe674 (.const:.string)
                  008194b8    00000040     libmmwavealg_xwr16xx.ae674 : mmwavelib_log2abs.oe674 (.const:.string:c_Log2LookUp)
                  008194f8    00000040     libcbuff_xwr16xx.ae674 : cbuff_lvds.oe674 (.const:.string)
                  00819538    00000040     ti.targets.rts6000.ae674 : Text.oe674 (.const:.string)
                  00819578    0000003c     libsoc_xwr16xx.ae674 : soc_xwr16xx_dss.oe674 (.const:.string)
[...]
00819b34  ti_sysbios_knl_Clock_Module__diagsEnabled__C                 
00819b38  ti_sysbios_knl_Clock_Module__diagsIncluded__C                
00819b3c  ti_sysbios_knl_Clock_Module__diagsMask__C                    
00819b40  ti_sysbios_knl_Clock_Module__loggerFxn1__C                   
00819b44  ti_sysbios_knl_Clock_Module__loggerFxn2__C                   
00819b48  ti_sysbios_knl_Clock_Module__loggerObj__C                    
00819b4c  ti_sysbios_knl_Event_A_badContext__C                         
00819b50  ti_sysbios_knl_Event_A_eventInUse__C                         
00819b54  ti_sysbios_knl_Event_A_nullEventId__C                        
00819b58  ti_sysbios_knl_Event_A_nullEventMasks__C                     
00819b5c  ti_sysbios_knl_Event_A_pendTaskDisabled__C                   
00819b60  ti_sysbios_knl_Event_Instance_State_pendQ__O                 
00819b64  ti_sysbios_knl_Event_LM_pend__C                              
00819b68  ti_sysbios_knl_Event_LM_post__C                              
00819b6c  ti_sysbios_knl_Event_Module__diagsEnabled__C                 
00819b70  ti_sysbios_knl_Event_Module__diagsIncluded__C                
00819b74  ti_sysbios_knl_Event_Module__diagsMask__C                    
00819b78  ti_sysbios_knl_Event_Module__loggerFxn4__C                   
00819b7c  ti_sysbios_knl_Event_Module__loggerFxn8__C                   
00819b80  ti_sysbios_knl_Event_Module__loggerObj__C                    
00819b84  ti_sysbios_knl_Semaphore_A_badContext__C                     
00819b88  ti_sysbios_knl_Semaphore_A_noEvents__C                       
00819b8c  ti_sysbios_knl_Semaphore_A_overflow__C                       
00819b90  ti_sysbios_knl_Semaphore_A_pendTaskDisabled__C               
00819b94  ti_sysbios_knl_Semaphore_Instance_State_pendQ__O             
00819b98  ti_sysbios_knl_Semaphore_LM_pend__C                          
00819b9c  ti_sysbios_knl_Semaphore_LM_post__C                          
00819ba0  ti_sysbios_knl_Semaphore_Module__diagsEnabled__C             
00819ba4  ti_sysbios_knl_Semaphore_Module__diagsIncluded__C            
00819ba8  ti_sysbios_knl_Semaphore_Module__diagsMask__C                
00819bac  ti_sysbios_knl_Semaphore_Module__loggerFxn2__C               
00819bb0  ti_sysbios_knl_Semaphore_Module__loggerFxn4__C               
00819bb4  ti_sysbios_knl_Semaphore_Module__loggerObj__C                
00819bb8  ti_sysbios_knl_Task_A_badPriority__C                         
00819bbc  ti_sysbios_knl_Task_A_badTaskState__C                        
00819bc0  ti_sysbios_knl_Task_A_badThreadType__C                       
00819bc4  ti_sysbios_knl_Task_A_badTimeout__C                          
00819bc8  ti_sysbios_knl_Task_A_noPendElem__C                          
00819bcc  ti_sysbios_knl_Task_A_sleepTaskDisabled__C                   
00819bd0  ti_sysbios_knl_Task_E_spOutOfBounds__C                       
00819bd4  ti_sysbios_knl_Task_E_stackOverflow__C                       
00819bd8  ti_sysbios_knl_Task_LD_block__C                              
00819bdc  ti_sysbios_knl_Task_LD_exit__C                               
00819be0  ti_sysbios_knl_Task_LD_ready__C                              
00819be4  ti_sysbios_knl_Task_LM_sleep__C                              
00819be8  ti_sysbios_knl_Task_LM_switch__C                             
00819bec  ti_sysbios_knl_Task_Module_State_inactiveQ__O                
00819bf0  ti_sysbios_knl_Task_Module__diagsEnabled__C                  
00819bf4  ti_sysbios_knl_Task_Module__diagsIncluded__C                 
00819bf8  ti_sysbios_knl_Task_Module__diagsMask__C                     
00819bfc  ti_sysbios_knl_Task_Module__loggerFxn2__C                    
00819c00  ti_sysbios_knl_Task_Module__loggerFxn4__C                    
00819c04  ti_sysbios_knl_Task_Module__loggerObj__C                     
00819c08  ti_sysbios_knl_Task_Object__count__C                         
00819c0c  ti_sysbios_knl_Task_Object__heap__C                          
00819c10  ti_sysbios_knl_Task_allBlockedFunc__C                        
00819c14  ti_sysbios_knl_Task_defaultStackHeap__C                      
00819c18  ti_sysbios_knl_Task_defaultStackSize__C                      
00819c1c  ti_sysbios_knl_Task_numConstructedTasks__C                   
00819c20  ti_sysbios_timers_rti_Timer_E_cannotSupport__C               
00819c24  ti_sysbios_timers_rti_Timer_Module__diagsEnabled__C          
00819c28  ti_sysbios_timers_rti_Timer_Module__diagsIncluded__C         
00819c2c  ti_sysbios_timers_rti_Timer_Module__diagsMask__C             
00819c30  ti_sysbios_timers_rti_Timer_numTimerDevices__C               
00819c34  ti_sysbios_timers_rti_Timer_startupNeeded__C                 
00819c38  ti_sysbios_utils_Load_LS_cpuLoad__C                          
00819c3c  ti_sysbios_utils_Load_LS_taskLoad__C                         
00819c40  ti_sysbios_utils_Load_Module_State_taskList__O               
00819c44  ti_sysbios_utils_Load_Module__diagsEnabled__C                
00819c48  ti_sysbios_utils_Load_Module__diagsIncluded__C               
00819c4c  ti_sysbios_utils_Load_Module__diagsMask__C                   
00819c50  ti_sysbios_utils_Load_Module__loggerFxn1__C                  
00819c54  ti_sysbios_utils_Load_Module__loggerFxn4__C                  
00819c58  ti_sysbios_utils_Load_Module__loggerObj__C                   
00819c5c  ti_sysbios_utils_Load_postUpdate__C                          
00819c60  ti_sysbios_utils_Load_windowInMs__C                          
00819c64  xdc_runtime_Assert_E_assertFailed__C                         
00819c68  xdc_runtime_Core_A_initializedParams__C                      
00819c6c  xdc_runtime_Core_Module__diagsEnabled__C                     
00819c70  xdc_runtime_Core_Module__diagsIncluded__C                    
00819c74  xdc_runtime_Core_Module__diagsMask__C                        
00819c78  xdc_runtime_Error_E_memory__C                                
00819c7c  xdc_runtime_Error_Module__diagsEnabled__C                    
00819c80  xdc_runtime_Error_Module__diagsIncluded__C                   
00819c84  xdc_runtime_Error_Module__diagsMask__C                       
00819c88  xdc_runtime_Error_Module__loggerFxn8__C                      
00819c8c  xdc_runtime_Error_Module__loggerObj__C                       
00819c90  xdc_runtime_Error_policyFxn__C                               
00819c94  xdc_runtime_Error_policy__C                                  
00819c98  xdc_runtime_Error_raiseHook__C                               
00819c9c  xdc_runtime_IGateProvider_Interface__BASE__C                 
00819ca0  xdc_runtime_IHeap_Interface__BASE__C                         
00819ca4  xdc_runtime_IModule_Interface__BASE__C                       
00819ca8  xdc_runtime_Log_L_error__C                                   
00819cac  xdc_runtime_Main_Module__diagsEnabled__C                     
00819cb0  xdc_runtime_Main_Module__diagsIncluded__C                    
00819cb4  xdc_runtime_Main_Module__diagsMask__C                        
00819cb8  xdc_runtime_Main_Module__loggerFxn1__C                       
00819cbc  xdc_runtime_Main_Module__loggerFxn2__C                       
00819cc0  xdc_runtime_Main_Module__loggerFxn4__C                       
00819cc4  xdc_runtime_Main_Module__loggerObj__C                        
00819cc8  xdc_runtime_Memory_defaultHeapInstance__C                    
00819ccc  xdc_runtime_Startup_execImpl__C                              
00819cd0  xdc_runtime_Startup_maxPasses__C                             
00819cd4  xdc_runtime_Startup_sfxnRts__C                               
00819cd8  xdc_runtime_Startup_sfxnTab__C                               
00819cdc  xdc_runtime_System_Module__gateObj__C                        
00819ce0  xdc_runtime_System_abortFxn__C                               
00819ce4  xdc_runtime_System_exitFxn__C                                
00819ce8  xdc_runtime_System_extendFxn__C                              
00819cec  xdc_runtime_System_maxAtexitHandlers__C                      
00819cf0  xdc_runtime_Text_charTab__C                                  
00819cf4  xdc_runtime_Text_nameEmpty__C                                
00819cf8  xdc_runtime_Text_nameStatic__C                               
00819cfc  xdc_runtime_Text_nameUnknown__C                              
00819d00  xdc_runtime_Text_nodeTab__A                                  
00819d04  xdc_runtime_Text_visitRopeFxn__C                             
00819d08  ti_sysbios_family_c64p_Cache_Module__id__C                   
00819d0a  ti_sysbios_family_c64p_EventCombiner_Module__id__C           
00819d0c  ti_sysbios_family_c64p_Exception_Module__id__C               
00819d0e  ti_sysbios_family_c64p_Exception_useInternalBuffer__C        
00819d10  ti_sysbios_family_c64p_Hwi_Module__id__C                     
00819d12  ti_sysbios_family_c64p_Hwi_Module__loggerDefined__C          
00819d14  ti_sysbios_gates_GateMutex_Module__id__C                     
00819d16  ti_sysbios_hal_Hwi_Module__id__C                             
00819d18  ti_sysbios_heaps_HeapMem_Module__id__C                       
00819d1a  ti_sysbios_knl_Clock_Module__id__C                           
00819d1c  ti_sysbios_knl_Clock_Module__loggerDefined__C                
00819d1e  ti_sysbios_knl_Event_Module__id__C                           
00819d20  ti_sysbios_knl_Event_Module__loggerDefined__C                
00819d22  ti_sysbios_knl_Semaphore_Module__id__C                       
00819d24  ti_sysbios_knl_Semaphore_Module__loggerDefined__C            
00819d26  ti_sysbios_knl_Task_Module__id__C                            
00819d28  ti_sysbios_knl_Task_Module__loggerDefined__C                 
00819d2a  ti_sysbios_timers_rti_Timer_Module__id__C                    
00819d2c  ti_sysbios_timers_rti_Timer_continueOnSuspend__C             
00819d2e  ti_sysbios_utils_Load_Module__id__C                          
00819d30  ti_sysbios_utils_Load_Module__loggerDefined__C               
00819d32  ti_sysbios_utils_Load_autoAddTasks__C                        
00819d34  ti_sysbios_utils_Load_updateInIdle__C                        
00819d36  xdc_runtime_Core_Module__id__C                               
00819d38  xdc_runtime_Error_Module__loggerDefined__C                   
00819d3a  xdc_runtime_Error_maxDepth__C                                
00819d3c  xdc_runtime_Main_Module__id__C                               
00819d3e  xdc_runtime_Main_Module__loggerDefined__C                    
00819d40  xdc_runtime_Memory_Module__id__C                             
00819d42  xdc_runtime_Text_charCnt__C                                  
00819d44  xdc_runtime_Text_isLoaded__C                                 
00819d46  xdc_runtime_Text_registryModsLastId__C                       
00819d48  xdc_runtime_Text_unnamedModsLastId__C                        
00819d50  xdc_runtime_Text_charTab__A                                  
00819d58  gMmwDssMCB                                                   
0081ad88  ti_sysbios_knl_Task_Instance_State_0_stack__A                
0081b0a8  __TI_tmpnams                                                 
0081b1e8  gMMWave_MCB                                                  
0081b2e0  gHSIHeaderMCB                                                
0081b370  edmaDbg                                                      
0081b380  gCycleLog                                                    
0081b390  gMMWave_XWR16xxMCB                                           
0081b3a0  ti_sysbios_knl_Task_Instance_State_0_hookEnv__A              
0081b3a8  xdc_runtime_Error_IgnoreBlock                                
0081b3c8  ti_sysbios_BIOS_Module__state__V                             
0081b3ec  ti_sysbios_family_c64p_Cache_Module__state__V                
0081b3f0  ti_sysbios_family_c64p_EventCombiner_Module__state__V        
0081b7f0  ti_sysbios_family_c64p_Exception_Module__state__V            
0081b820  ti_sysbios_family_c64p_Hwi_Module__root__V                   
0081b828  ti_sysbios_family_c64p_Hwi_Module__state__V                  
0081b894  ti_sysbios_gates_GateHwi_Module__root__V                     
0081b89c  ti_sysbios_gates_GateMutex_Module__root__V                   
0081b8a4  ti_sysbios_hal_Hwi_Module__root__V                           
0081b8ac  ti_sysbios_heaps_HeapMem_Module__root__V                     
0081b8b4  ti_sysbios_knl_Clock_Module__root__V                         
0081b8bc  ti_sysbios_knl_Clock_Module__state__V                        
0081b8e8  ti_sysbios_knl_Event_Module__root__V                         
0081b8f0  ti_sysbios_knl_Queue_Module__root__V                         
0081b8f8  ti_sysbios_knl_Semaphore_Module__root__V                     
0081b900  ti_sysbios_knl_Task_Module__root__V                          
0081b908  ti_sysbios_knl_Task_Module__state__V                         
0081b94c  ti_sysbios_rts_ti_ThreadLocalStorage_Module__state__V        
0081b958  ti_sysbios_timers_rti_Timer_Module__root__V                  
0081b960  ti_sysbios_timers_rti_Timer_Module__state__V                 
0081b970  ti_sysbios_utils_Load_Module__state__V                       
0081ba08  xdc_runtime_Error_Module__state__V                           
0081ba0c  xdc_runtime_Memory_Module__state__V                          
0081ba10  xdc_runtime_Registry_Module__state__V                        
0081ba18  xdc_runtime_Startup_Module__state__V                         
0081ba20  xdc_runtime_System_Module__state__V                          
0081ba28  xdc_runtime_Text_Module__state__V                            
0081ba30  __xdc__init__addr                                            
0081ba34  D2H_SYNC_PATTERN                                             
0081ba38  H2D_SYNC_PATTERN                                             
0081ba3c  H2D_CNYS_PATTERN                                             
0081bc24  rl_txMsg                                                     
0081bd24  rl_rxMsg                                                     
0081be24  _lock                                                        
0081be28  _ftable                                                      
0081c0a8  ti_sysbios_knl_Task_Module_State_0_readyQ__A                 
0081c1a0  gCBUFFHwAttribute                                            
0081c218  ti_sysbios_family_c64p_Hwi_Object__table__V                  
0081c290  gMailboxMCB                                                  
0081c2e0  ti_sysbios_knl_Task_Object__table__V                         
0081c32c  _unlock                                                      
0081c330  SOC_TranslateAddr_LUT                                        
0081c370  ti_sysbios_gates_GateMutex_Object__table__V                  
0081c3b0  ti_sysbios_timers_rti_Timer_Object__table__V                 
0081c3ec  __TI_ft_end                                                  
0081c3f0  gCBUFFInterfaceFxn                                           
0081c428  gMailboxDssMssHwCfg                                          
0081c440  gMailboxDssBssHwCfg                                          
0081c458  ti_sysbios_utils_Load_Module_State_0_taskEnv__A              
0081c474  __errno                                                      
0081c474  errno                                                        
0081c490  ADCBuf_config                                                
0081c4c0  gInterleavedTransferFxn                                      
0081c4d8  gMultipleChirpNonInterleavedTransferFxn                      
0081c4f0  gNonInterleavedTransferFxn                                   
0081c508  gSOCHwAttrib                                                 
0081c520  ti_sysbios_heaps_HeapMem_Object__table__V                    
0081c538  ti_sysbios_timers_rti_Timer_Module_State_0_device__A         
0081c550  ti_sysbios_timers_rti_Timer_Module_State_0_intFreqs__A       
0081c560  __TI_cleanup_ptr                                             
0081c564  __TI_dtors_ptr                                               
0081c568  __TI_enable_exit_profile_output                              
0081c570  ti_sysbios_hal_Hwi_Object__table__V                          
0081c578  ti_sysbios_timers_rti_Timer_Module_State_0_handles__A        
0081c580  ti_sysbios_gates_GateHwi_Object__table__V                    
0081c588  ti_sysbios_knl_Task_Module_State_0_idleTask__A               
0081c590  ti_sysbios_utils_Load_Module_State_0_runningTask__A          
0081c598  ti_sysbios_utils_Load_Module_State_0_taskStartTime__A        
0081c5a0  _stack                                                       
0081cca0  __TI_STACK_END                                               
0081ce78  __CIOBUF_                                                    
0081cf98  __TI_STATIC_BASE                                             
0081cf9c  gCRCRegister                                                 
0081cfa0  regionId                                                     
0081cfa8  _MmwDemo_fastCode_L1PSRAM_copy_table                         
0081cfa8  __TI_table__MmwDemo_fastCode_L1PSRAM_copy_table              
00e00000  DSP_fft32x32                                                 
00e00380  DSP_fft16x16                                                 
00e00680  mmwavelib_cfarCadB_SOGO                                      
00e00c60  mmwavelib_cfarCadBwrap                                       
00e01060  mmwavelib_log2Abs32                                          
00e01260  mmwavelib_windowing16x16_evenlen                             
00e01440  mmwavelib_dftSingleBinWithWindow                             
00e015e0  mmwavelib_vecsum                                             
00e01680  mmwavelib_windowing16x32                                     
00e01720  mmwavelib_accum16                                            
00e01780  mmwavelib_vecsubc                                            
00e017e0  cossp                                                        
00e01914  sinsp                                                        
00e01a20  sqrtsp                                                       
00e01ac0  divsp                                                        
00e01b20  MmwDemo_interFrameProcessing                                 
00e03220  MmwDemo_interChirpProcessing                                 
00e03440  MmwDemo_XYestimation                                         
00e03760  MmwDemo_cfarPeakGrouping                                     
00f00000  gMmwL1                                                       
20000000  _L3data_start                                                
20000000  gMmwL3                                                       
20003b80  SOC_init                                                     
20004000  main                                                         
20004100  MmwDemo_dataPathInitEdma                                     
21080000  gHSRAM                                                       
ffffffff  __TI_pprof_out_hndl                                          
ffffffff  __TI_prof_data_size                                          
ffffffff  __TI_prof_data_start                                         
ffffffff  __binit__                                                    
ffffffff  __c_args__                                                   
ffffffff  binit                                                        
UNDEFED   __TI_CINIT_Base                                              
UNDEFED   __TI_CINIT_Limit                                             
UNDEFED   __TI_Handler_Table_Base                                      
UNDEFED   __TI_Handler_Table_Limit                                     
UNDEFED   __TI_INITARRAY_Base                                          
UNDEFED   __TI_INITARRAY_Limit                                         
UNDEFED   __TI_TLS_INIT_Base                                           
UNDEFED   __TI_TLS_INIT_Limit                                          

[1013 symbols]
